Component: Arm Compiler for Embedded 6.22 Tool: armlink [5ee90200]

==============================================================================

Small function inlining results

Inlined total of 0 calls.

==============================================================================

Section Cross References

    system_m2003j.o(.text.SystemCoreClockUpdate) refers to clk.o(.text.CLK_GetPLLClockFreq) for CLK_GetPLLClockFreq
    system_m2003j.o(.text.SystemCoreClockUpdate) refers to system_m2003j.o(.rodata.gau32ClkSrcTbl) for gau32ClkSrcTbl
    system_m2003j.o(.text.SystemCoreClockUpdate) refers to system_m2003j.o(.data.SystemCoreClock) for SystemCoreClock
    system_m2003j.o(.text.SystemCoreClockUpdate) refers to system_m2003j.o(.data.CyclesPerUs) for CyclesPerUs
    system_m2003j.o(.ARM.exidx.text.SystemCoreClockUpdate) refers to system_m2003j.o(.text.SystemCoreClockUpdate) for [Anonymous Symbol]
    system_m2003j.o(.ARM.exidx.text.SystemInit) refers to system_m2003j.o(.text.SystemInit) for [Anonymous Symbol]
    system_m2003j.o(.ARM.exidx.text.Uart0DefaultMPF) refers to system_m2003j.o(.text.Uart0DefaultMPF) for [Anonymous Symbol]
    startup_m2003j_isp.o(RESET) refers to startup_m2003j_isp.o(STACK) for __initial_sp
    startup_m2003j_isp.o(RESET) refers to startup_m2003j_isp.o(.text) for Reset_Handler
    startup_m2003j_isp.o(RESET) refers to i2c_transfer.o(.text.I2C0_IRQHandler) for I2C0_IRQHandler
    startup_m2003j_isp.o(.text) refers to system_m2003j.o(.text.SystemInit) for SystemInit
    startup_m2003j_isp.o(.text) refers to entry.o(.ARM.Collect$$$$00000000) for __main
    fmc_user.o(.ARM.exidx.text.FMC_Proc) refers to fmc_user.o(.text.FMC_Proc) for [Anonymous Symbol]
    fmc_user.o(.ARM.exidx.text.UpdateConfig) refers to fmc_user.o(.text.UpdateConfig) for [Anonymous Symbol]
    fmc_user.o(.ARM.exidx.text.FMC_SetVectorAddr) refers to fmc_user.o(.text.FMC_SetVectorAddr) for [Anonymous Symbol]
    isp_user.o(.text.ParseCmd) refers to fmc_user.o(.text.FMC_Proc) for FMC_Proc
    isp_user.o(.text.ParseCmd) refers to fmc_user.o(.text.UpdateConfig) for UpdateConfig
    isp_user.o(.text.ParseCmd) refers to targetdev.o(.text.GetDataFlashInfo) for GetDataFlashInfo
    isp_user.o(.text.ParseCmd) refers to memseta.o(.text) for __aeabi_memclr
    isp_user.o(.text.ParseCmd) refers to isp_user.o(.bss.response_buff) for response_buff
    isp_user.o(.text.ParseCmd) refers to isp_user.o(.bss.ParseCmd.gcmd) for [Anonymous Symbol]
    isp_user.o(.text.ParseCmd) refers to isp_user.o(.data.ParseCmd.g_packno) for [Anonymous Symbol]
    isp_user.o(.text.ParseCmd) refers to isp_user.o(.bss.ParseCmd.LastDataLen) for [Anonymous Symbol]
    isp_user.o(.text.ParseCmd) refers to isp_user.o(.bss.ParseCmd.StartAddress) for [Anonymous Symbol]
    isp_user.o(.text.ParseCmd) refers to isp_user.o(.bss.ParseCmd.TotalLen) for [Anonymous Symbol]
    isp_user.o(.text.ParseCmd) refers to isp_user.o(.bss.aprom_buf) for [Anonymous Symbol]
    isp_user.o(.text.ParseCmd) refers to isp_user.o(.bss.bUpdateApromCmd) for bUpdateApromCmd
    isp_user.o(.text.ParseCmd) refers to isp_user.o(.bss.g_dataFlashAddr) for g_dataFlashAddr
    isp_user.o(.text.ParseCmd) refers to isp_user.o(.bss.g_dataFlashSize) for g_dataFlashSize
    isp_user.o(.text.ParseCmd) refers to isp_user.o(.bss.g_apromSize) for g_apromSize
    isp_user.o(.ARM.exidx.text.ParseCmd) refers to isp_user.o(.text.ParseCmd) for [Anonymous Symbol]
    targetdev.o(.text.GetApromSize) refers to fmc_user.o(.text.FMC_Proc) for FMC_Proc
    targetdev.o(.ARM.exidx.text.GetApromSize) refers to targetdev.o(.text.GetApromSize) for [Anonymous Symbol]
    targetdev.o(.text.GetDataFlashInfo) refers to fmc_user.o(.text.FMC_Proc) for FMC_Proc
    targetdev.o(.text.GetDataFlashInfo) refers to isp_user.o(.bss.g_apromSize) for g_apromSize
    targetdev.o(.ARM.exidx.text.GetDataFlashInfo) refers to targetdev.o(.text.GetDataFlashInfo) for [Anonymous Symbol]
    main.o(.ARM.exidx.text._close) refers to main.o(.text._close) for [Anonymous Symbol]
    main.o(.ARM.exidx.text._lseek) refers to main.o(.text._lseek) for [Anonymous Symbol]
    main.o(.ARM.exidx.text._read_r) refers to main.o(.text._read_r) for [Anonymous Symbol]
    main.o(.ARM.exidx.text._write_r) refers to main.o(.text._write_r) for [Anonymous Symbol]
    main.o(.text.SYS_Init) refers to system_m2003j.o(.data.SystemCoreClock) for SystemCoreClock
    main.o(.text.SYS_Init) refers to system_m2003j.o(.data.CyclesPerUs) for CyclesPerUs
    main.o(.ARM.exidx.text.SYS_Init) refers to main.o(.text.SYS_Init) for [Anonymous Symbol]
    main.o(.text.main) refers to targetdev.o(.text.GetApromSize) for GetApromSize
    main.o(.text.main) refers to targetdev.o(.text.GetDataFlashInfo) for GetDataFlashInfo
    main.o(.text.main) refers to i2c_transfer.o(.text.I2C_Init) for I2C_Init
    main.o(.text.main) refers to fmc_user.o(.text.FMC_SetVectorAddr) for FMC_SetVectorAddr
    main.o(.text.main) refers to memcpya.o(.text) for __aeabi_memcpy
    main.o(.text.main) refers to isp_user.o(.text.ParseCmd) for ParseCmd
    main.o(.text.main) refers to system_m2003j.o(.data.SystemCoreClock) for SystemCoreClock
    main.o(.text.main) refers to system_m2003j.o(.data.CyclesPerUs) for CyclesPerUs
    main.o(.text.main) refers to isp_user.o(.bss.g_apromSize) for g_apromSize
    main.o(.text.main) refers to isp_user.o(.bss.g_dataFlashAddr) for g_dataFlashAddr
    main.o(.text.main) refers to isp_user.o(.bss.g_dataFlashSize) for g_dataFlashSize
    main.o(.text.main) refers to i2c_transfer.o(.bss.bI2cDataReady) for bI2cDataReady
    main.o(.text.main) refers to i2c_transfer.o(.bss.i2c_rcvbuf) for i2c_rcvbuf
    main.o(.text.main) refers to isp_user.o(.bss.bISPDataReady) for bISPDataReady
    main.o(.ARM.exidx.text.main) refers to main.o(.text.main) for [Anonymous Symbol]
    i2c_transfer.o(.text.I2C_Init) refers to system_m2003j.o(.data.SystemCoreClock) for SystemCoreClock
    i2c_transfer.o(.text.I2C_Init) refers to i2c_transfer.o(.data.g_u8DeviceAddr) for g_u8DeviceAddr
    i2c_transfer.o(.ARM.exidx.text.I2C_Init) refers to i2c_transfer.o(.text.I2C_Init) for [Anonymous Symbol]
    i2c_transfer.o(.text.I2C0_IRQHandler) refers to i2c_transfer.o(.bss.g_u8SlvDataLen) for g_u8SlvDataLen
    i2c_transfer.o(.text.I2C0_IRQHandler) refers to i2c_transfer.o(.bss.i2c_rcvbuf) for i2c_rcvbuf
    i2c_transfer.o(.text.I2C0_IRQHandler) refers to i2c_transfer.o(.bss.bI2cDataReady) for bI2cDataReady
    i2c_transfer.o(.text.I2C0_IRQHandler) refers to i2c_transfer.o(.bss.I2C_SlaveTRx._bISPDataReady) for [Anonymous Symbol]
    i2c_transfer.o(.text.I2C0_IRQHandler) refers to isp_user.o(.bss.response_buff) for response_buff
    i2c_transfer.o(.text.I2C0_IRQHandler) refers to isp_user.o(.bss.bISPDataReady) for bISPDataReady
    i2c_transfer.o(.ARM.exidx.text.I2C0_IRQHandler) refers to i2c_transfer.o(.text.I2C0_IRQHandler) for [Anonymous Symbol]
    clk.o(.ARM.exidx.text.CLK_DisableCKO) refers to clk.o(.text.CLK_DisableCKO) for [Anonymous Symbol]
    clk.o(.ARM.exidx.text.CLK_EnableCKO) refers to clk.o(.text.CLK_EnableCKO) for [Anonymous Symbol]
    clk.o(.ARM.exidx.text.CLK_PowerDown) refers to clk.o(.text.CLK_PowerDown) for [Anonymous Symbol]
    clk.o(.ARM.exidx.text.CLK_Idle) refers to clk.o(.text.CLK_Idle) for [Anonymous Symbol]
    clk.o(.ARM.exidx.text.CLK_GetHXTFreq) refers to clk.o(.text.CLK_GetHXTFreq) for [Anonymous Symbol]
    clk.o(.ARM.exidx.text.CLK_GetLXTFreq) refers to clk.o(.text.CLK_GetLXTFreq) for [Anonymous Symbol]
    clk.o(.text.CLK_GetHCLKFreq) refers to system_m2003j.o(.text.SystemCoreClockUpdate) for SystemCoreClockUpdate
    clk.o(.text.CLK_GetHCLKFreq) refers to system_m2003j.o(.data.SystemCoreClock) for SystemCoreClock
    clk.o(.ARM.exidx.text.CLK_GetHCLKFreq) refers to clk.o(.text.CLK_GetHCLKFreq) for [Anonymous Symbol]
    clk.o(.text.CLK_GetPCLK0Freq) refers to system_m2003j.o(.text.SystemCoreClockUpdate) for SystemCoreClockUpdate
    clk.o(.text.CLK_GetPCLK0Freq) refers to system_m2003j.o(.data.SystemCoreClock) for SystemCoreClock
    clk.o(.ARM.exidx.text.CLK_GetPCLK0Freq) refers to clk.o(.text.CLK_GetPCLK0Freq) for [Anonymous Symbol]
    clk.o(.text.CLK_GetPCLK1Freq) refers to system_m2003j.o(.text.SystemCoreClockUpdate) for SystemCoreClockUpdate
    clk.o(.text.CLK_GetPCLK1Freq) refers to system_m2003j.o(.data.SystemCoreClock) for SystemCoreClock
    clk.o(.ARM.exidx.text.CLK_GetPCLK1Freq) refers to clk.o(.text.CLK_GetPCLK1Freq) for [Anonymous Symbol]
    clk.o(.text.CLK_GetCPUFreq) refers to system_m2003j.o(.text.SystemCoreClockUpdate) for SystemCoreClockUpdate
    clk.o(.text.CLK_GetCPUFreq) refers to system_m2003j.o(.data.SystemCoreClock) for SystemCoreClock
    clk.o(.ARM.exidx.text.CLK_GetCPUFreq) refers to clk.o(.text.CLK_GetCPUFreq) for [Anonymous Symbol]
    clk.o(.text.CLK_SetCoreClock) refers to clk.o(.text.CLK_EnablePLL) for CLK_EnablePLL
    clk.o(.text.CLK_SetCoreClock) refers to system_m2003j.o(.text.SystemCoreClockUpdate) for SystemCoreClockUpdate
    clk.o(.text.CLK_SetCoreClock) refers to clk.o(.bss.g_CLK_i32ErrCode) for g_CLK_i32ErrCode
    clk.o(.text.CLK_SetCoreClock) refers to system_m2003j.o(.data.SystemCoreClock) for SystemCoreClock
    clk.o(.ARM.exidx.text.CLK_SetCoreClock) refers to clk.o(.text.CLK_SetCoreClock) for [Anonymous Symbol]
    clk.o(.text.CLK_EnablePLL) refers to clk.o(.bss.g_CLK_i32ErrCode) for g_CLK_i32ErrCode
    clk.o(.text.CLK_EnablePLL) refers to system_m2003j.o(.data.SystemCoreClock) for SystemCoreClock
    clk.o(.ARM.exidx.text.CLK_EnablePLL) refers to clk.o(.text.CLK_EnablePLL) for [Anonymous Symbol]
    clk.o(.text.CLK_SetHCLK) refers to system_m2003j.o(.text.SystemCoreClockUpdate) for SystemCoreClockUpdate
    clk.o(.text.CLK_SetHCLK) refers to clk.o(.bss.g_CLK_i32ErrCode) for g_CLK_i32ErrCode
    clk.o(.text.CLK_SetHCLK) refers to system_m2003j.o(.data.SystemCoreClock) for SystemCoreClock
    clk.o(.ARM.exidx.text.CLK_SetHCLK) refers to clk.o(.text.CLK_SetHCLK) for [Anonymous Symbol]
    clk.o(.text.CLK_WaitClockReady) refers to clk.o(.bss.g_CLK_i32ErrCode) for g_CLK_i32ErrCode
    clk.o(.text.CLK_WaitClockReady) refers to system_m2003j.o(.data.SystemCoreClock) for SystemCoreClock
    clk.o(.ARM.exidx.text.CLK_WaitClockReady) refers to clk.o(.text.CLK_WaitClockReady) for [Anonymous Symbol]
    clk.o(.ARM.exidx.text.CLK_SetModuleClock) refers to clk.o(.text.CLK_SetModuleClock) for [Anonymous Symbol]
    clk.o(.ARM.exidx.text.CLK_EnableXtalRC) refers to clk.o(.text.CLK_EnableXtalRC) for [Anonymous Symbol]
    clk.o(.ARM.exidx.text.CLK_DisableXtalRC) refers to clk.o(.text.CLK_DisableXtalRC) for [Anonymous Symbol]
    clk.o(.ARM.exidx.text.CLK_EnableModuleClock) refers to clk.o(.text.CLK_EnableModuleClock) for [Anonymous Symbol]
    clk.o(.ARM.exidx.text.CLK_DisableModuleClock) refers to clk.o(.text.CLK_DisableModuleClock) for [Anonymous Symbol]
    clk.o(.ARM.exidx.text.CLK_DisablePLL) refers to clk.o(.text.CLK_DisablePLL) for [Anonymous Symbol]
    clk.o(.ARM.exidx.text.CLK_EnableSysTick) refers to clk.o(.text.CLK_EnableSysTick) for [Anonymous Symbol]
    clk.o(.ARM.exidx.text.CLK_DisableSysTick) refers to clk.o(.text.CLK_DisableSysTick) for [Anonymous Symbol]
    clk.o(.ARM.exidx.text.CLK_GetPLLClockFreq) refers to clk.o(.text.CLK_GetPLLClockFreq) for [Anonymous Symbol]
    clk.o(.ARM.exidx.text.CLK_GetModuleClockSource) refers to clk.o(.text.CLK_GetModuleClockSource) for [Anonymous Symbol]
    clk.o(.ARM.exidx.text.CLK_GetModuleClockDivider) refers to clk.o(.text.CLK_GetModuleClockDivider) for [Anonymous Symbol]
    entry.o(.ARM.Collect$$$$00000000) refers (Special) to entry10a.o(.ARM.Collect$$$$0000000D) for __rt_final_cpp
    entry.o(.ARM.Collect$$$$00000000) refers (Special) to entry11a.o(.ARM.Collect$$$$0000000F) for __rt_final_exit
    entry.o(.ARM.Collect$$$$00000000) refers (Special) to entry7b.o(.ARM.Collect$$$$00000008) for _main_clock
    entry.o(.ARM.Collect$$$$00000000) refers (Special) to entry8b.o(.ARM.Collect$$$$0000000A) for _main_cpp_init
    entry.o(.ARM.Collect$$$$00000000) refers (Special) to entry9a.o(.ARM.Collect$$$$0000000B) for _main_init
    entry.o(.ARM.Collect$$$$00000000) refers (Special) to entry5.o(.ARM.Collect$$$$00000004) for _main_scatterload
    entry.o(.ARM.Collect$$$$00000000) refers (Special) to entry2.o(.ARM.Collect$$$$00000001) for _main_stk
    entry2.o(.ARM.Collect$$$$00000001) refers to entry2.o(.ARM.Collect$$$$00002712) for __lit__00000000
    entry2.o(.ARM.Collect$$$$00002712) refers to startup_m2003j_isp.o(STACK) for __initial_sp
    entry2.o(__vectab_stack_and_reset_area) refers to startup_m2003j_isp.o(STACK) for __initial_sp
    entry2.o(__vectab_stack_and_reset_area) refers to entry.o(.ARM.Collect$$$$00000000) for __main
    entry5.o(.ARM.Collect$$$$00000004) refers to init.o(.text) for __scatterload
    entry9a.o(.ARM.Collect$$$$0000000B) refers to main.o(.text.main) for main
    entry9b.o(.ARM.Collect$$$$0000000C) refers to main.o(.text.main) for main
    init.o(.text) refers to entry5.o(.ARM.Collect$$$$00000004) for __main_after_scatterload


==============================================================================

Removing Unused input sections from the image.

    Removing system_m2003j.o(.text), (0 bytes).
    Removing system_m2003j.o(.text.SystemCoreClockUpdate), (88 bytes).
    Removing system_m2003j.o(.ARM.exidx.text.SystemCoreClockUpdate), (8 bytes).
    Removing system_m2003j.o(.ARM.exidx.text.SystemInit), (8 bytes).
    Removing system_m2003j.o(.text.Uart0DefaultMPF), (40 bytes).
    Removing system_m2003j.o(.ARM.exidx.text.Uart0DefaultMPF), (8 bytes).
    Removing system_m2003j.o(.data.PllClock), (4 bytes).
    Removing system_m2003j.o(.rodata.gau32ClkSrcTbl), (32 bytes).
    Removing startup_m2003j_isp.o(HEAP), (256 bytes).
    Removing fmc_user.o(.text), (0 bytes).
    Removing fmc_user.o(.ARM.exidx.text.FMC_Proc), (8 bytes).
    Removing fmc_user.o(.ARM.exidx.text.UpdateConfig), (8 bytes).
    Removing fmc_user.o(.ARM.exidx.text.FMC_SetVectorAddr), (8 bytes).
    Removing isp_user.o(.text), (0 bytes).
    Removing isp_user.o(.ARM.exidx.text.ParseCmd), (8 bytes).
    Removing targetdev.o(.text), (0 bytes).
    Removing targetdev.o(.ARM.exidx.text.GetApromSize), (8 bytes).
    Removing targetdev.o(.ARM.exidx.text.GetDataFlashInfo), (8 bytes).
    Removing main.o(.text), (0 bytes).
    Removing main.o(.text._close), (2 bytes).
    Removing main.o(.ARM.exidx.text._close), (8 bytes).
    Removing main.o(.text._lseek), (2 bytes).
    Removing main.o(.ARM.exidx.text._lseek), (8 bytes).
    Removing main.o(.text._read_r), (2 bytes).
    Removing main.o(.ARM.exidx.text._read_r), (8 bytes).
    Removing main.o(.text._write_r), (2 bytes).
    Removing main.o(.ARM.exidx.text._write_r), (8 bytes).
    Removing main.o(.text.SYS_Init), (220 bytes).
    Removing main.o(.ARM.exidx.text.SYS_Init), (8 bytes).
    Removing main.o(.ARM.exidx.text.main), (8 bytes).
    Removing main.o(.ARM.use_no_argv), (4 bytes).
    Removing i2c_transfer.o(.text), (0 bytes).
    Removing i2c_transfer.o(.ARM.exidx.text.I2C_Init), (8 bytes).
    Removing i2c_transfer.o(.ARM.exidx.text.I2C0_IRQHandler), (8 bytes).
    Removing clk.o(.text), (0 bytes).
    Removing clk.o(.text.CLK_DisableCKO), (16 bytes).
    Removing clk.o(.ARM.exidx.text.CLK_DisableCKO), (8 bytes).
    Removing clk.o(.text.CLK_EnableCKO), (36 bytes).
    Removing clk.o(.ARM.exidx.text.CLK_EnableCKO), (8 bytes).
    Removing clk.o(.text.CLK_PowerDown), (56 bytes).
    Removing clk.o(.ARM.exidx.text.CLK_PowerDown), (8 bytes).
    Removing clk.o(.text.CLK_Idle), (20 bytes).
    Removing clk.o(.ARM.exidx.text.CLK_Idle), (8 bytes).
    Removing clk.o(.text.CLK_GetHXTFreq), (24 bytes).
    Removing clk.o(.ARM.exidx.text.CLK_GetHXTFreq), (8 bytes).
    Removing clk.o(.text.CLK_GetLXTFreq), (20 bytes).
    Removing clk.o(.ARM.exidx.text.CLK_GetLXTFreq), (8 bytes).
    Removing clk.o(.text.CLK_GetHCLKFreq), (16 bytes).
    Removing clk.o(.ARM.exidx.text.CLK_GetHCLKFreq), (8 bytes).
    Removing clk.o(.text.CLK_GetPCLK0Freq), (32 bytes).
    Removing clk.o(.ARM.exidx.text.CLK_GetPCLK0Freq), (8 bytes).
    Removing clk.o(.text.CLK_GetPCLK1Freq), (32 bytes).
    Removing clk.o(.ARM.exidx.text.CLK_GetPCLK1Freq), (8 bytes).
    Removing clk.o(.text.CLK_GetCPUFreq), (16 bytes).
    Removing clk.o(.ARM.exidx.text.CLK_GetCPUFreq), (8 bytes).
    Removing clk.o(.text.CLK_SetCoreClock), (260 bytes).
    Removing clk.o(.ARM.exidx.text.CLK_SetCoreClock), (8 bytes).
    Removing clk.o(.text.CLK_EnablePLL), (784 bytes).
    Removing clk.o(.ARM.exidx.text.CLK_EnablePLL), (8 bytes).
    Removing clk.o(.text.CLK_SetHCLK), (216 bytes).
    Removing clk.o(.ARM.exidx.text.CLK_SetHCLK), (8 bytes).
    Removing clk.o(.text.CLK_WaitClockReady), (96 bytes).
    Removing clk.o(.ARM.exidx.text.CLK_WaitClockReady), (8 bytes).
    Removing clk.o(.text.CLK_SetModuleClock), (128 bytes).
    Removing clk.o(.ARM.exidx.text.CLK_SetModuleClock), (8 bytes).
    Removing clk.o(.text.CLK_EnableXtalRC), (16 bytes).
    Removing clk.o(.ARM.exidx.text.CLK_EnableXtalRC), (8 bytes).
    Removing clk.o(.text.CLK_DisableXtalRC), (16 bytes).
    Removing clk.o(.ARM.exidx.text.CLK_DisableXtalRC), (8 bytes).
    Removing clk.o(.text.CLK_EnableModuleClock), (32 bytes).
    Removing clk.o(.ARM.exidx.text.CLK_EnableModuleClock), (8 bytes).
    Removing clk.o(.text.CLK_DisableModuleClock), (32 bytes).
    Removing clk.o(.ARM.exidx.text.CLK_DisableModuleClock), (8 bytes).
    Removing clk.o(.text.CLK_DisablePLL), (16 bytes).
    Removing clk.o(.ARM.exidx.text.CLK_DisablePLL), (8 bytes).
    Removing clk.o(.text.CLK_EnableSysTick), (24 bytes).
    Removing clk.o(.ARM.exidx.text.CLK_EnableSysTick), (8 bytes).
    Removing clk.o(.text.CLK_DisableSysTick), (12 bytes).
    Removing clk.o(.ARM.exidx.text.CLK_DisableSysTick), (8 bytes).
    Removing clk.o(.text.CLK_GetPLLClockFreq), (44 bytes).
    Removing clk.o(.ARM.exidx.text.CLK_GetPLLClockFreq), (8 bytes).
    Removing clk.o(.text.CLK_GetModuleClockSource), (32 bytes).
    Removing clk.o(.ARM.exidx.text.CLK_GetModuleClockSource), (8 bytes).
    Removing clk.o(.text.CLK_GetModuleClockDivider), (36 bytes).
    Removing clk.o(.ARM.exidx.text.CLK_GetModuleClockDivider), (8 bytes).
    Removing clk.o(.bss.g_CLK_i32ErrCode), (4 bytes).

86 unused section(s) (total 3004 bytes) removed from the image.

==============================================================================

Image Symbol Table

    Local Symbols

    Symbol Name                              Value     Ov Type        Size  Object(Section)

    ../clib/microlib/init/entry.s            0x00000000   Number         0  entry.o ABSOLUTE
    ../clib/microlib/init/entry.s            0x00000000   Number         0  entry2.o ABSOLUTE
    ../clib/microlib/init/entry.s            0x00000000   Number         0  entry5.o ABSOLUTE
    ../clib/microlib/init/entry.s            0x00000000   Number         0  entry7a.o ABSOLUTE
    ../clib/microlib/init/entry.s            0x00000000   Number         0  entry7b.o ABSOLUTE
    ../clib/microlib/init/entry.s            0x00000000   Number         0  entry8a.o ABSOLUTE
    ../clib/microlib/init/entry.s            0x00000000   Number         0  entry8b.o ABSOLUTE
    ../clib/microlib/init/entry.s            0x00000000   Number         0  entry9a.o ABSOLUTE
    ../clib/microlib/init/entry.s            0x00000000   Number         0  entry9b.o ABSOLUTE
    ../clib/microlib/init/entry.s            0x00000000   Number         0  entry10a.o ABSOLUTE
    ../clib/microlib/init/entry.s            0x00000000   Number         0  entry10b.o ABSOLUTE
    ../clib/microlib/init/entry.s            0x00000000   Number         0  entry11a.o ABSOLUTE
    ../clib/microlib/init/entry.s            0x00000000   Number         0  entry11b.o ABSOLUTE
    ../clib/microlib/string/memcpy.c         0x00000000   Number         0  memcpya.o ABSOLUTE
    ../clib/microlib/string/memcpy.c         0x00000000   Number         0  memcpyb.o ABSOLUTE
    ../clib/microlib/string/memset.c         0x00000000   Number         0  memseta.o ABSOLUTE
    ..\startup_M2003J_isp.s                  0x00000000   Number         0  startup_m2003j_isp.o ABSOLUTE
    clk.c                                    0x00000000   Number         0  clk.o ABSOLUTE
    fmc_user.c                               0x00000000   Number         0  fmc_user.o ABSOLUTE
    handlers.s                               0x00000000   Number         0  handlers.o ABSOLUTE
    i2c_transfer.c                           0x00000000   Number         0  i2c_transfer.o ABSOLUTE
    init.s                                   0x00000000   Number         0  init.o ABSOLUTE
    isp_user.c                               0x00000000   Number         0  isp_user.o ABSOLUTE
    main.c                                   0x00000000   Number         0  main.o ABSOLUTE
    system_M2003J.c                          0x00000000   Number         0  system_m2003j.o ABSOLUTE
    targetdev.c                              0x00000000   Number         0  targetdev.o ABSOLUTE
    RESET                                    0x0f100000   Section      412  startup_m2003j_isp.o(RESET)
    .ARM.Collect$$$$00000000                 0x0f10019c   Section        0  entry.o(.ARM.Collect$$$$00000000)
    .ARM.Collect$$$$00000001                 0x0f10019c   Section        4  entry2.o(.ARM.Collect$$$$00000001)
    .ARM.Collect$$$$00000004                 0x0f1001a0   Section        4  entry5.o(.ARM.Collect$$$$00000004)
    .ARM.Collect$$$$00000008                 0x0f1001a4   Section        0  entry7b.o(.ARM.Collect$$$$00000008)
    .ARM.Collect$$$$0000000A                 0x0f1001a4   Section        0  entry8b.o(.ARM.Collect$$$$0000000A)
    .ARM.Collect$$$$0000000B                 0x0f1001a4   Section        8  entry9a.o(.ARM.Collect$$$$0000000B)
    __lit__00000000                          0x0f1001ac   Data           4  entry2.o(.ARM.Collect$$$$00002712)
    .ARM.Collect$$$$0000000D                 0x0f1001ac   Section        0  entry10a.o(.ARM.Collect$$$$0000000D)
    .ARM.Collect$$$$0000000F                 0x0f1001ac   Section        0  entry11a.o(.ARM.Collect$$$$0000000F)
    .ARM.Collect$$$$00002712                 0x0f1001ac   Section        4  entry2.o(.ARM.Collect$$$$00002712)
    .text                                    0x0f1001b0   Section       80  startup_m2003j_isp.o(.text)
    Default_Handler                          0x0f1001ef   Thumb Code     2  startup_m2003j_isp.o(.text)
    .text                                    0x0f100200   Section        0  memcpya.o(.text)
    .text                                    0x0f100224   Section        0  memseta.o(.text)
    .text                                    0x0f100248   Section       48  init.o(.text)
    [Anonymous Symbol]                       0x0f100278   Section        0  fmc_user.o(.text.FMC_Proc)
    [Anonymous Symbol]                       0x0f100308   Section        0  fmc_user.o(.text.FMC_SetVectorAddr)
    __arm_cp.2_0                             0x0f100338   Number         4  fmc_user.o(.text.FMC_SetVectorAddr)
    [Anonymous Symbol]                       0x0f10033c   Section        0  targetdev.o(.text.GetApromSize)
    [Anonymous Symbol]                       0x0f100364   Section        0  targetdev.o(.text.GetDataFlashInfo)
    __arm_cp.1_0                             0x0f1003c0   Number         4  targetdev.o(.text.GetDataFlashInfo)
    __arm_cp.1_1                             0x0f1003c4   Number         4  targetdev.o(.text.GetDataFlashInfo)
    __arm_cp.1_2                             0x0f1003c8   Number         4  targetdev.o(.text.GetDataFlashInfo)
    [Anonymous Symbol]                       0x0f1003cc   Section        0  i2c_transfer.o(.text.I2C0_IRQHandler)
    __arm_cp.1_1                             0x0f100500   Number         4  i2c_transfer.o(.text.I2C0_IRQHandler)
    __arm_cp.1_2                             0x0f100504   Number         4  i2c_transfer.o(.text.I2C0_IRQHandler)
    __arm_cp.1_3                             0x0f100508   Number         4  i2c_transfer.o(.text.I2C0_IRQHandler)
    __arm_cp.1_4                             0x0f10050c   Number         4  i2c_transfer.o(.text.I2C0_IRQHandler)
    __arm_cp.1_5                             0x0f100510   Number         4  i2c_transfer.o(.text.I2C0_IRQHandler)
    __arm_cp.1_6                             0x0f100514   Number         4  i2c_transfer.o(.text.I2C0_IRQHandler)
    [Anonymous Symbol]                       0x0f100518   Section        0  i2c_transfer.o(.text.I2C_Init)
    __arm_cp.0_0                             0x0f100578   Number         4  i2c_transfer.o(.text.I2C_Init)
    __arm_cp.0_1                             0x0f10057c   Number         4  i2c_transfer.o(.text.I2C_Init)
    __arm_cp.0_2                             0x0f100580   Number         4  i2c_transfer.o(.text.I2C_Init)
    __arm_cp.0_3                             0x0f100584   Number         4  i2c_transfer.o(.text.I2C_Init)
    __arm_cp.0_4                             0x0f100588   Number         4  i2c_transfer.o(.text.I2C_Init)
    __arm_cp.0_5                             0x0f10058c   Number         4  i2c_transfer.o(.text.I2C_Init)
    __arm_cp.0_6                             0x0f100590   Number         4  i2c_transfer.o(.text.I2C_Init)
    __arm_cp.0_7                             0x0f100594   Number         4  i2c_transfer.o(.text.I2C_Init)
    [Anonymous Symbol]                       0x0f100598   Section        0  isp_user.o(.text.ParseCmd)
    __arm_cp.0_0                             0x0f1008b0   Number         4  isp_user.o(.text.ParseCmd)
    __arm_cp.0_1                             0x0f1008b4   Number         4  isp_user.o(.text.ParseCmd)
    __arm_cp.0_2                             0x0f1008b8   Number         4  isp_user.o(.text.ParseCmd)
    __arm_cp.0_3                             0x0f1008bc   Number         4  isp_user.o(.text.ParseCmd)
    __arm_cp.0_4                             0x0f1008c0   Number         4  isp_user.o(.text.ParseCmd)
    __arm_cp.0_5                             0x0f1008c4   Number         4  isp_user.o(.text.ParseCmd)
    __arm_cp.0_6                             0x0f1008c8   Number         4  isp_user.o(.text.ParseCmd)
    __arm_cp.0_7                             0x0f1008cc   Number         4  isp_user.o(.text.ParseCmd)
    __arm_cp.0_8                             0x0f1008d0   Number         4  isp_user.o(.text.ParseCmd)
    __arm_cp.0_9                             0x0f1008d4   Number         4  isp_user.o(.text.ParseCmd)
    __arm_cp.0_10                            0x0f1008d8   Number         4  isp_user.o(.text.ParseCmd)
    __arm_cp.0_11                            0x0f1008dc   Number         4  isp_user.o(.text.ParseCmd)
    __arm_cp.0_12                            0x0f1008e0   Number         4  isp_user.o(.text.ParseCmd)
    __arm_cp.0_13                            0x0f1008e4   Number         4  isp_user.o(.text.ParseCmd)
    __arm_cp.0_14                            0x0f1008e8   Number         4  isp_user.o(.text.ParseCmd)
    [Anonymous Symbol]                       0x0f1008ec   Section        0  system_m2003j.o(.text.SystemInit)
    __arm_cp.1_0                             0x0f100900   Number         4  system_m2003j.o(.text.SystemInit)
    [Anonymous Symbol]                       0x0f100904   Section        0  fmc_user.o(.text.UpdateConfig)
    __arm_cp.1_0                             0x0f100b1c   Number         4  fmc_user.o(.text.UpdateConfig)
    [Anonymous Symbol]                       0x0f100b20   Section        0  main.o(.text.main)
    __arm_cp.5_0                             0x0f100cf0   Number         4  main.o(.text.main)
    __arm_cp.5_1                             0x0f100cf4   Number         4  main.o(.text.main)
    __arm_cp.5_2                             0x0f100cf8   Number         4  main.o(.text.main)
    __arm_cp.5_3                             0x0f100cfc   Number         4  main.o(.text.main)
    __arm_cp.5_4                             0x0f100d00   Number         4  main.o(.text.main)
    __arm_cp.5_5                             0x0f100d04   Number         4  main.o(.text.main)
    __arm_cp.5_6                             0x0f100d08   Number         4  main.o(.text.main)
    __arm_cp.5_7                             0x0f100d0c   Number         4  main.o(.text.main)
    __arm_cp.5_8                             0x0f100d10   Number         4  main.o(.text.main)
    __arm_cp.5_9                             0x0f100d14   Number         4  main.o(.text.main)
    __arm_cp.5_10                            0x0f100d18   Number         4  main.o(.text.main)
    __arm_cp.5_11                            0x0f100d1c   Number         4  main.o(.text.main)
    __arm_cp.5_12                            0x0f100d20   Number         4  main.o(.text.main)
    __arm_cp.5_13                            0x0f100d24   Number         4  main.o(.text.main)
    __arm_cp.5_14                            0x0f100d28   Number         4  main.o(.text.main)
    __arm_cp.5_15                            0x0f100d2c   Number         4  main.o(.text.main)
    __arm_cp.5_16                            0x0f100d30   Number         4  main.o(.text.main)
    __arm_cp.5_17                            0x0f100d34   Number         4  main.o(.text.main)
    __arm_cp.5_18                            0x0f100d38   Number         4  main.o(.text.main)
    __arm_cp.5_19                            0x0f100d3c   Number         4  main.o(.text.main)
    __arm_cp.5_20                            0x0f100d40   Number         4  main.o(.text.main)
    __arm_cp.5_21                            0x0f100d44   Number         4  main.o(.text.main)
    i.__scatterload_copy                     0x0f100d48   Section       14  handlers.o(i.__scatterload_copy)
    i.__scatterload_null                     0x0f100d56   Section        2  handlers.o(i.__scatterload_null)
    i.__scatterload_zeroinit                 0x0f100d58   Section       14  handlers.o(i.__scatterload_zeroinit)
    ParseCmd.g_packno                        0x20000004   Data           4  isp_user.o(.data.ParseCmd.g_packno)
    [Anonymous Symbol]                       0x20000004   Section        0  isp_user.o(.data.ParseCmd.g_packno)
    I2C_SlaveTRx._bISPDataReady              0x20000010   Data           1  i2c_transfer.o(.bss.I2C_SlaveTRx._bISPDataReady)
    [Anonymous Symbol]                       0x20000010   Section        0  i2c_transfer.o(.bss.I2C_SlaveTRx._bISPDataReady)
    ParseCmd.LastDataLen                     0x20000014   Data           4  isp_user.o(.bss.ParseCmd.LastDataLen)
    [Anonymous Symbol]                       0x20000014   Section        0  isp_user.o(.bss.ParseCmd.LastDataLen)
    ParseCmd.StartAddress                    0x20000018   Data           4  isp_user.o(.bss.ParseCmd.StartAddress)
    [Anonymous Symbol]                       0x20000018   Section        0  isp_user.o(.bss.ParseCmd.StartAddress)
    ParseCmd.TotalLen                        0x2000001c   Data           4  isp_user.o(.bss.ParseCmd.TotalLen)
    [Anonymous Symbol]                       0x2000001c   Section        0  isp_user.o(.bss.ParseCmd.TotalLen)
    ParseCmd.gcmd                            0x20000020   Data           4  isp_user.o(.bss.ParseCmd.gcmd)
    [Anonymous Symbol]                       0x20000020   Section        0  isp_user.o(.bss.ParseCmd.gcmd)
    aprom_buf                                0x20000024   Data         512  isp_user.o(.bss.aprom_buf)
    [Anonymous Symbol]                       0x20000024   Section        0  isp_user.o(.bss.aprom_buf)
    STACK                                    0x200002c0   Section     1024  startup_m2003j_isp.o(STACK)

    Global Symbols

    Symbol Name                              Value     Ov Type        Size  Object(Section)

    BuildAttributes$$THM_ISAv3M$S$8M$PE$A:L22$X:L11$S22$IEEE1$IW$~IW$USESV6$~STKCKD$USESV7$~SHL$OTIME$EBA8$MICROLIB$REQ8$PRES8$EABIv2 0x00000000   Number         0  anon$$obj.o ABSOLUTE
    __cpp_initialize__aeabi_                  - Undefined Weak Reference
    __cxa_finalize                            - Undefined Weak Reference
    __decompress                              - Undefined Weak Reference
    _clock_init                               - Undefined Weak Reference
    _microlib_exit                            - Undefined Weak Reference
    __Vectors_Size                           0x0000019c   Number         0  startup_m2003j_isp.o ABSOLUTE
    __Vectors                                0x0f100000   Data           4  startup_m2003j_isp.o(RESET)
    __Vectors_End                            0x0f10019c   Data           0  startup_m2003j_isp.o(RESET)
    __main                                   0x0f10019d   Thumb Code     0  entry.o(.ARM.Collect$$$$00000000)
    _main_stk                                0x0f10019d   Thumb Code     0  entry2.o(.ARM.Collect$$$$00000001)
    _main_scatterload                        0x0f1001a1   Thumb Code     0  entry5.o(.ARM.Collect$$$$00000004)
    __main_after_scatterload                 0x0f1001a5   Thumb Code     0  entry5.o(.ARM.Collect$$$$00000004)
    _main_clock                              0x0f1001a5   Thumb Code     0  entry7b.o(.ARM.Collect$$$$00000008)
    _main_cpp_init                           0x0f1001a5   Thumb Code     0  entry8b.o(.ARM.Collect$$$$0000000A)
    _main_init                               0x0f1001a5   Thumb Code     0  entry9a.o(.ARM.Collect$$$$0000000B)
    __rt_final_cpp                           0x0f1001ad   Thumb Code     0  entry10a.o(.ARM.Collect$$$$0000000D)
    __rt_final_exit                          0x0f1001ad   Thumb Code     0  entry11a.o(.ARM.Collect$$$$0000000F)
    Reset_Handler                            0x0f1001b1   Thumb Code    44  startup_m2003j_isp.o(.text)
    NMI_Handler                              0x0f1001dd   Thumb Code     2  startup_m2003j_isp.o(.text)
    HardFault_Handler                        0x0f1001df   Thumb Code     2  startup_m2003j_isp.o(.text)
    MemManage_Handler                        0x0f1001e1   Thumb Code     2  startup_m2003j_isp.o(.text)
    BusFault_Handler                         0x0f1001e3   Thumb Code     2  startup_m2003j_isp.o(.text)
    UsageFault_Handler                       0x0f1001e5   Thumb Code     2  startup_m2003j_isp.o(.text)
    SVC_Handler                              0x0f1001e7   Thumb Code     2  startup_m2003j_isp.o(.text)
    DebugMon_Handler                         0x0f1001e9   Thumb Code     2  startup_m2003j_isp.o(.text)
    PendSV_Handler                           0x0f1001eb   Thumb Code     2  startup_m2003j_isp.o(.text)
    SysTick_Handler                          0x0f1001ed   Thumb Code     2  startup_m2003j_isp.o(.text)
    ACMP01_IRQHandler                        0x0f1001ef   Thumb Code     0  startup_m2003j_isp.o(.text)
    ADC_IRQHandler                           0x0f1001ef   Thumb Code     0  startup_m2003j_isp.o(.text)
    BOD_IRQHandler                           0x0f1001ef   Thumb Code     0  startup_m2003j_isp.o(.text)
    BPWM0_IRQHandler                         0x0f1001ef   Thumb Code     0  startup_m2003j_isp.o(.text)
    BPWM1_IRQHandler                         0x0f1001ef   Thumb Code     0  startup_m2003j_isp.o(.text)
    CLKFAIL_IRQHandler                       0x0f1001ef   Thumb Code     0  startup_m2003j_isp.o(.text)
    CRC_IRQHandler                           0x0f1001ef   Thumb Code     0  startup_m2003j_isp.o(.text)
    DFMC_IRQHandler                          0x0f1001ef   Thumb Code     0  startup_m2003j_isp.o(.text)
    EINT0_IRQHandler                         0x0f1001ef   Thumb Code     0  startup_m2003j_isp.o(.text)
    EINT1_IRQHandler                         0x0f1001ef   Thumb Code     0  startup_m2003j_isp.o(.text)
    EINT2_IRQHandler                         0x0f1001ef   Thumb Code     0  startup_m2003j_isp.o(.text)
    EINT3_IRQHandler                         0x0f1001ef   Thumb Code     0  startup_m2003j_isp.o(.text)
    EINT4_IRQHandler                         0x0f1001ef   Thumb Code     0  startup_m2003j_isp.o(.text)
    EINT5_IRQHandler                         0x0f1001ef   Thumb Code     0  startup_m2003j_isp.o(.text)
    FMC_IRQHandler                           0x0f1001ef   Thumb Code     0  startup_m2003j_isp.o(.text)
    GPA_IRQHandler                           0x0f1001ef   Thumb Code     0  startup_m2003j_isp.o(.text)
    GPB_IRQHandler                           0x0f1001ef   Thumb Code     0  startup_m2003j_isp.o(.text)
    GPC_IRQHandler                           0x0f1001ef   Thumb Code     0  startup_m2003j_isp.o(.text)
    GPD_IRQHandler                           0x0f1001ef   Thumb Code     0  startup_m2003j_isp.o(.text)
    GPE_IRQHandler                           0x0f1001ef   Thumb Code     0  startup_m2003j_isp.o(.text)
    GPF_IRQHandler                           0x0f1001ef   Thumb Code     0  startup_m2003j_isp.o(.text)
    GPG_IRQHandler                           0x0f1001ef   Thumb Code     0  startup_m2003j_isp.o(.text)
    I2C1_IRQHandler                          0x0f1001ef   Thumb Code     0  startup_m2003j_isp.o(.text)
    I2C2_IRQHandler                          0x0f1001ef   Thumb Code     0  startup_m2003j_isp.o(.text)
    IRC_IRQHandler                           0x0f1001ef   Thumb Code     0  startup_m2003j_isp.o(.text)
    PDMA_IRQHandler                          0x0f1001ef   Thumb Code     0  startup_m2003j_isp.o(.text)
    PWRWU_IRQHandler                         0x0f1001ef   Thumb Code     0  startup_m2003j_isp.o(.text)
    RTC_IRQHandler                           0x0f1001ef   Thumb Code     0  startup_m2003j_isp.o(.text)
    SR0ECC_Handler                           0x0f1001ef   Thumb Code     0  startup_m2003j_isp.o(.text)
    SR1ECC_Handler                           0x0f1001ef   Thumb Code     0  startup_m2003j_isp.o(.text)
    TMR0_IRQHandler                          0x0f1001ef   Thumb Code     0  startup_m2003j_isp.o(.text)
    TMR1_IRQHandler                          0x0f1001ef   Thumb Code     0  startup_m2003j_isp.o(.text)
    TMR2_IRQHandler                          0x0f1001ef   Thumb Code     0  startup_m2003j_isp.o(.text)
    TMR3_IRQHandler                          0x0f1001ef   Thumb Code     0  startup_m2003j_isp.o(.text)
    TMR4_IRQHandler                          0x0f1001ef   Thumb Code     0  startup_m2003j_isp.o(.text)
    TMR5_IRQHandler                          0x0f1001ef   Thumb Code     0  startup_m2003j_isp.o(.text)
    TMR6_IRQHandler                          0x0f1001ef   Thumb Code     0  startup_m2003j_isp.o(.text)
    TMR7_IRQHandler                          0x0f1001ef   Thumb Code     0  startup_m2003j_isp.o(.text)
    TMR8_IRQHandler                          0x0f1001ef   Thumb Code     0  startup_m2003j_isp.o(.text)
    UART0_IRQHandler                         0x0f1001ef   Thumb Code     0  startup_m2003j_isp.o(.text)
    UART1_IRQHandler                         0x0f1001ef   Thumb Code     0  startup_m2003j_isp.o(.text)
    UART2_IRQHandler                         0x0f1001ef   Thumb Code     0  startup_m2003j_isp.o(.text)
    UART3_IRQHandler                         0x0f1001ef   Thumb Code     0  startup_m2003j_isp.o(.text)
    UART4_IRQHandler                         0x0f1001ef   Thumb Code     0  startup_m2003j_isp.o(.text)
    USCI0_IRQHandler                         0x0f1001ef   Thumb Code     0  startup_m2003j_isp.o(.text)
    USCI1_IRQHandler                         0x0f1001ef   Thumb Code     0  startup_m2003j_isp.o(.text)
    USCI2_IRQHandler                         0x0f1001ef   Thumb Code     0  startup_m2003j_isp.o(.text)
    USCI3_IRQHandler                         0x0f1001ef   Thumb Code     0  startup_m2003j_isp.o(.text)
    USCI4_IRQHandler                         0x0f1001ef   Thumb Code     0  startup_m2003j_isp.o(.text)
    WDT_IRQHandler                           0x0f1001ef   Thumb Code     0  startup_m2003j_isp.o(.text)
    WWDT_IRQHandler                          0x0f1001ef   Thumb Code     0  startup_m2003j_isp.o(.text)
    __aeabi_memcpy                           0x0f100201   Thumb Code    36  memcpya.o(.text)
    __aeabi_memcpy4                          0x0f100201   Thumb Code     0  memcpya.o(.text)
    __aeabi_memcpy8                          0x0f100201   Thumb Code     0  memcpya.o(.text)
    __aeabi_memset                           0x0f100225   Thumb Code    14  memseta.o(.text)
    __aeabi_memset4                          0x0f100225   Thumb Code     0  memseta.o(.text)
    __aeabi_memset8                          0x0f100225   Thumb Code     0  memseta.o(.text)
    __aeabi_memclr                           0x0f100233   Thumb Code     4  memseta.o(.text)
    __aeabi_memclr4                          0x0f100233   Thumb Code     0  memseta.o(.text)
    __aeabi_memclr8                          0x0f100233   Thumb Code     0  memseta.o(.text)
    _memset$wrapper                          0x0f100237   Thumb Code    18  memseta.o(.text)
    __scatterload                            0x0f100249   Thumb Code    38  init.o(.text)
    __scatterload_rt2                        0x0f100249   Thumb Code     0  init.o(.text)
    FMC_Proc                                 0x0f100279   Thumb Code   144  fmc_user.o(.text.FMC_Proc)
    FMC_SetVectorAddr                        0x0f100309   Thumb Code    48  fmc_user.o(.text.FMC_SetVectorAddr)
    GetApromSize                             0x0f10033d   Thumb Code    38  targetdev.o(.text.GetApromSize)
    GetDataFlashInfo                         0x0f100365   Thumb Code    92  targetdev.o(.text.GetDataFlashInfo)
    I2C0_IRQHandler                          0x0f1003cd   Thumb Code   308  i2c_transfer.o(.text.I2C0_IRQHandler)
    I2C_Init                                 0x0f100519   Thumb Code    96  i2c_transfer.o(.text.I2C_Init)
    ParseCmd                                 0x0f100599   Thumb Code   792  isp_user.o(.text.ParseCmd)
    SystemInit                               0x0f1008ed   Thumb Code    20  system_m2003j.o(.text.SystemInit)
    UpdateConfig                             0x0f100905   Thumb Code   536  fmc_user.o(.text.UpdateConfig)
    main                                     0x0f100b21   Thumb Code   464  main.o(.text.main)
    __scatterload_copy                       0x0f100d49   Thumb Code    14  handlers.o(i.__scatterload_copy)
    __scatterload_null                       0x0f100d57   Thumb Code     2  handlers.o(i.__scatterload_null)
    __scatterload_zeroinit                   0x0f100d59   Thumb Code    14  handlers.o(i.__scatterload_zeroinit)
    Region$$Table$$Base                      0x0f100d68   Number         0  anon$$obj.o(Region$$Table)
    Region$$Table$$Limit                     0x0f100d88   Number         0  anon$$obj.o(Region$$Table)
    CyclesPerUs                              0x20000000   Data           4  system_m2003j.o(.data.CyclesPerUs)
    SystemCoreClock                          0x20000008   Data           4  system_m2003j.o(.data.SystemCoreClock)
    g_u8DeviceAddr                           0x2000000c   Data           1  i2c_transfer.o(.data.g_u8DeviceAddr)
    bI2cDataReady                            0x20000224   Data           1  i2c_transfer.o(.bss.bI2cDataReady)
    bISPDataReady                            0x20000225   Data           1  isp_user.o(.bss.bISPDataReady)
    bUpdateApromCmd                          0x20000228   Data           4  isp_user.o(.bss.bUpdateApromCmd)
    g_apromSize                              0x2000022c   Data           4  isp_user.o(.bss.g_apromSize)
    g_dataFlashAddr                          0x20000230   Data           4  isp_user.o(.bss.g_dataFlashAddr)
    g_dataFlashSize                          0x20000234   Data           4  isp_user.o(.bss.g_dataFlashSize)
    g_u8SlvDataLen                           0x20000238   Data           1  i2c_transfer.o(.bss.g_u8SlvDataLen)
    i2c_rcvbuf                               0x20000239   Data          64  i2c_transfer.o(.bss.i2c_rcvbuf)
    response_buff                            0x2000027c   Data          64  isp_user.o(.bss.response_buff)
    __initial_sp                             0x200006c0   Data           0  startup_m2003j_isp.o(STACK)



==============================================================================

Memory Map of the image

  Image Entry point : 0x0f1001b1

  Load Region LR_1 (Base: 0x0f100000, Size: 0x00000d98, Max: 0xffffffff, ABSOLUTE)

    Execution Region ER_RO (Exec base: 0x0f100000, Load base: 0x0f100000, Size: 0x00000d88, Max: 0xffffffff, ABSOLUTE)

    Exec Addr    Load Addr    Size         Type   Attr      Idx    E Section Name        Object

    0x0f100000   0x0f100000   0x0000019c   Data   RO           21    RESET               startup_m2003j_isp.o
    0x0f10019c   0x0f10019c   0x00000000   Code   RO          172  * .ARM.Collect$$$$00000000  mc_p.l(entry.o)
    0x0f10019c   0x0f10019c   0x00000004   Code   RO          179    .ARM.Collect$$$$00000001  mc_p.l(entry2.o)
    0x0f1001a0   0x0f1001a0   0x00000004   Code   RO          182    .ARM.Collect$$$$00000004  mc_p.l(entry5.o)
    0x0f1001a4   0x0f1001a4   0x00000000   Code   RO          184    .ARM.Collect$$$$00000008  mc_p.l(entry7b.o)
    0x0f1001a4   0x0f1001a4   0x00000000   Code   RO          186    .ARM.Collect$$$$0000000A  mc_p.l(entry8b.o)
    0x0f1001a4   0x0f1001a4   0x00000008   Code   RO          187    .ARM.Collect$$$$0000000B  mc_p.l(entry9a.o)
    0x0f1001ac   0x0f1001ac   0x00000000   Code   RO          189    .ARM.Collect$$$$0000000D  mc_p.l(entry10a.o)
    0x0f1001ac   0x0f1001ac   0x00000000   Code   RO          191    .ARM.Collect$$$$0000000F  mc_p.l(entry11a.o)
    0x0f1001ac   0x0f1001ac   0x00000004   Code   RO          180    .ARM.Collect$$$$00002712  mc_p.l(entry2.o)
    0x0f1001b0   0x0f1001b0   0x00000050   Code   RO           22  * .text               startup_m2003j_isp.o
    0x0f100200   0x0f100200   0x00000024   Code   RO          173    .text               mc_p.l(memcpya.o)
    0x0f100224   0x0f100224   0x00000024   Code   RO          175    .text               mc_p.l(memseta.o)
    0x0f100248   0x0f100248   0x00000030   Code   RO          193    .text               mc_p.l(init.o)
    0x0f100278   0x0f100278   0x00000090   Code   RO           29    .text.FMC_Proc      fmc_user.o
    0x0f100308   0x0f100308   0x00000034   Code   RO           33    .text.FMC_SetVectorAddr  fmc_user.o
    0x0f10033c   0x0f10033c   0x00000026   Code   RO           64    .text.GetApromSize  targetdev.o
    0x0f100362   0x0f100362   0x00000002   PAD
    0x0f100364   0x0f100364   0x00000068   Code   RO           66    .text.GetDataFlashInfo  targetdev.o
    0x0f1003cc   0x0f1003cc   0x0000014c   Code   RO           99    .text.I2C0_IRQHandler  i2c_transfer.o
    0x0f100518   0x0f100518   0x00000080   Code   RO           97    .text.I2C_Init      i2c_transfer.o
    0x0f100598   0x0f100598   0x00000354   Code   RO           43    .text.ParseCmd      isp_user.o
    0x0f1008ec   0x0f1008ec   0x00000018   Code   RO            4    .text.SystemInit    system_m2003j.o
    0x0f100904   0x0f100904   0x0000021c   Code   RO           31    .text.UpdateConfig  fmc_user.o
    0x0f100b20   0x0f100b20   0x00000228   Code   RO           86    .text.main          main.o
    0x0f100d48   0x0f100d48   0x0000000e   Code   RO          197    i.__scatterload_copy  mc_p.l(handlers.o)
    0x0f100d56   0x0f100d56   0x00000002   Code   RO          198    i.__scatterload_null  mc_p.l(handlers.o)
    0x0f100d58   0x0f100d58   0x0000000e   Code   RO          199    i.__scatterload_zeroinit  mc_p.l(handlers.o)
    0x0f100d66   0x0f100d66   0x00000002   PAD
    0x0f100d68   0x0f100d68   0x00000020   Data   RO          196    Region$$Table       anon$$obj.o


    Execution Region ER_RW (Exec base: 0x20000000, Load base: 0x0f100d88, Size: 0x00000010, Max: 0xffffffff, ABSOLUTE)

    Exec Addr    Load Addr    Size         Type   Attr      Idx    E Section Name        Object

    0x20000000   0x0f100d88   0x00000004   Data   RW            9    .data.CyclesPerUs   system_m2003j.o
    0x20000004   0x0f100d8c   0x00000004   Data   RW           48    .data.ParseCmd.g_packno  isp_user.o
    0x20000008   0x0f100d90   0x00000004   Data   RW            8    .data.SystemCoreClock  system_m2003j.o
    0x2000000c   0x0f100d94   0x00000001   Data   RW          101    .data.g_u8DeviceAddr  i2c_transfer.o


    Execution Region ER_ZI (Exec base: 0x20000010, Load base: 0x0f100d98, Size: 0x000006b0, Max: 0xffffffff, ABSOLUTE)

    Exec Addr    Load Addr    Size         Type   Attr      Idx    E Section Name        Object

    0x20000010        -       0x00000001   Zero   RW          105    .bss.I2C_SlaveTRx._bISPDataReady  i2c_transfer.o
    0x20000011   0x0f100d98   0x00000003   PAD
    0x20000014        -       0x00000004   Zero   RW           47    .bss.ParseCmd.LastDataLen  isp_user.o
    0x20000018        -       0x00000004   Zero   RW           45    .bss.ParseCmd.StartAddress  isp_user.o
    0x2000001c        -       0x00000004   Zero   RW           46    .bss.ParseCmd.TotalLen  isp_user.o
    0x20000020        -       0x00000004   Zero   RW           49    .bss.ParseCmd.gcmd  isp_user.o
    0x20000024        -       0x00000200   Zero   RW           55    .bss.aprom_buf      isp_user.o
    0x20000224        -       0x00000001   Zero   RW          103    .bss.bI2cDataReady  i2c_transfer.o
    0x20000225        -       0x00000001   Zero   RW           56    .bss.bISPDataReady  isp_user.o
    0x20000226   0x0f100d98   0x00000002   PAD
    0x20000228        -       0x00000004   Zero   RW           54    .bss.bUpdateApromCmd  isp_user.o
    0x2000022c        -       0x00000004   Zero   RW           51    .bss.g_apromSize    isp_user.o
    0x20000230        -       0x00000004   Zero   RW           52    .bss.g_dataFlashAddr  isp_user.o
    0x20000234        -       0x00000004   Zero   RW           53    .bss.g_dataFlashSize  isp_user.o
    0x20000238        -       0x00000001   Zero   RW          104    .bss.g_u8SlvDataLen  i2c_transfer.o
    0x20000239        -       0x00000040   Zero   RW          102    .bss.i2c_rcvbuf     i2c_transfer.o
    0x20000279   0x0f100d98   0x00000003   PAD
    0x2000027c        -       0x00000040   Zero   RW           50    .bss.response_buff  isp_user.o
    0x200002bc   0x0f100d98   0x00000004   PAD
    0x200002c0        -       0x00000400   Zero   RW           19    STACK               startup_m2003j_isp.o


==============================================================================

Image component sizes


      Code (inc. data)   RO Data    RW Data    ZI Data      Debug   Object Name

       736          8          0          0          0       3795   fmc_user.o
       460         56          0          1         67       5620   i2c_transfer.o
       852         60          0          4        609       5587   isp_user.o
       552         88          0          0          0       7921   main.o
        80         16        412          0       1024        820   startup_m2003j_isp.o
        24          4          0          8          0       4110   system_m2003j.o
       142         12          0          0          0       1128   targetdev.o

    ----------------------------------------------------------------------
      2848        244        444         16       1712      28981   Object Totals
         0          0         32          0          0          0   (incl. Generated)
         2          0          0          3         12          0   (incl. Padding)

    ----------------------------------------------------------------------

      Code (inc. data)   RO Data    RW Data    ZI Data      Debug   Library Member Name

         0          0          0          0          0          0   entry.o
         0          0          0          0          0          0   entry10a.o
         0          0          0          0          0          0   entry11a.o
         8          4          0          0          0          0   entry2.o
         4          0          0          0          0          0   entry5.o
         0          0          0          0          0          0   entry7b.o
         0          0          0          0          0          0   entry8b.o
         8          4          0          0          0          0   entry9a.o
        30          0          0          0          0          0   handlers.o
        48         10          0          0          0         68   init.o
        36          0          0          0          0         60   memcpya.o
        36          0          0          0          0        100   memseta.o

    ----------------------------------------------------------------------
       172         18          0          0          0        228   Library Totals
         2          0          0          0          0          0   (incl. Padding)

    ----------------------------------------------------------------------

      Code (inc. data)   RO Data    RW Data    ZI Data      Debug   Library Name

       170         18          0          0          0        228   mc_p.l

    ----------------------------------------------------------------------
       172         18          0          0          0        228   Library Totals

    ----------------------------------------------------------------------

==============================================================================


      Code (inc. data)   RO Data    RW Data    ZI Data      Debug   

      3020        262        444         16       1712      29217   Grand Totals
      3020        262        444         16       1712      29217   ELF Image Totals
      3020        262        444         16          0          0   ROM Totals

==============================================================================

    Total RO  Size (Code + RO Data)                 3464 (   3.38kB)
    Total RW  Size (RW Data + ZI Data)              1728 (   1.69kB)
    Total ROM Size (Code + RO Data + RW Data)       3480 (   3.40kB)

==============================================================================

