###############################################################################
#
# IAR ELF Linker V8.42.1.232/W32 for ARM                  09/Jan/2026  12:06:35
# Copyright 2007-2019 IAR Systems AB.
#
#    Output file  =
#        C:\MCU_MS20\MAG071_M3331\m3331bsp\SampleCode\StdDriver\FMC_FwUpdateApplication\App\IAR\App\Exe\App.out
#    Map file     =
#        C:\MCU_MS20\MAG071_M3331\m3331bsp\SampleCode\StdDriver\FMC_FwUpdateApplication\App\IAR\App\List\App.map
#    Command line =
#        -f C:\Users\wschang0\AppData\Local\Temp\EW934A.tmp
#        (C:\MCU_MS20\MAG071_M3331\m3331bsp\SampleCode\StdDriver\FMC_FwUpdateApplication\App\IAR\App\Obj\clk.o
#        C:\MCU_MS20\MAG071_M3331\m3331bsp\SampleCode\StdDriver\FMC_FwUpdateApplication\App\IAR\App\Obj\fmc.o
#        C:\MCU_MS20\MAG071_M3331\m3331bsp\SampleCode\StdDriver\FMC_FwUpdateApplication\App\IAR\App\Obj\main.o
#        C:\MCU_MS20\MAG071_M3331\m3331bsp\SampleCode\StdDriver\FMC_FwUpdateApplication\App\IAR\App\Obj\retarget.o
#        C:\MCU_MS20\MAG071_M3331\m3331bsp\SampleCode\StdDriver\FMC_FwUpdateApplication\App\IAR\App\Obj\startup_m3331.o
#        C:\MCU_MS20\MAG071_M3331\m3331bsp\SampleCode\StdDriver\FMC_FwUpdateApplication\App\IAR\App\Obj\sys.o
#        C:\MCU_MS20\MAG071_M3331\m3331bsp\SampleCode\StdDriver\FMC_FwUpdateApplication\App\IAR\App\Obj\system_m3331.o
#        C:\MCU_MS20\MAG071_M3331\m3331bsp\SampleCode\StdDriver\FMC_FwUpdateApplication\App\IAR\App\Obj\uart.o
#        C:\MCU_MS20\MAG071_M3331\m3331bsp\SampleCode\StdDriver\FMC_FwUpdateApplication\App\IAR\App\Obj\wdt.o
#        --no_out_extension -o
#        C:\MCU_MS20\MAG071_M3331\m3331bsp\SampleCode\StdDriver\FMC_FwUpdateApplication\App\IAR\App\Exe\App.out
#        --map
#        C:\MCU_MS20\MAG071_M3331\m3331bsp\SampleCode\StdDriver\FMC_FwUpdateApplication\App\IAR\App\List\App.map
#        --config
#        C:\MCU_MS20\MAG071_M3331\m3331bsp\SampleCode\StdDriver\FMC_FwUpdateApplication\App\IAR\App.icf
#        --semihosting --entry Reset_Handler --inline --vfe --text_out locale)
#
###############################################################################

*******************************************************************************
*** RUNTIME MODEL ATTRIBUTES
***

CppFlavor       = *
__Heap_Handler  = NoFree
__SystemLibrary = DLib
__dlib_version  = 6


*******************************************************************************
*** HEAP SELECTION
***

The no free heap was selected because no calls to memory
deallocation functions were found in the application.


*******************************************************************************
*** PLACEMENT SUMMARY
***

"A0":  place at address 0x8000 { ro section .intvec };
"P1":  place in [from 0x0 to 0x0] |
                [from 0x8000 to 0xffff] { ro };
define block CSTACK with size = 2K, alignment = 8 { };
define block PROC_STACK_S with size = 0, alignment = 8 { };
define block MAIN_STACK_NS with size = 0, alignment = 8 { };
define block PROC_STACK_NS with size = 0, alignment = 8 { };
define block HEAP with size = 0, alignment = 8 { };
"P3":  place in [from 0x0 to 0x0] |
                [from 0x2000'0000 to 0x2004'ffff] {
          rw, block CSTACK, block PROC_STACK_S, block MAIN_STACK_NS,
          block PROC_STACK_NS, block HEAP };
initialize by copy { rw };

No sections matched the following patterns:

  ro section application_specific_ro  in "P2|P4"
  rw section application_specific_rw  in "P2|P4"


  Section            Kind         Address    Size  Object
  -------            ----         -------    ----  ------
"A0":                                       0x284
  .intvec            const         0x8000   0x284  startup_m3331.o [1]
                                 - 0x8284   0x284

"P1":                                      0x1704
  .text              ro code       0x8284   0x7b8  clk.o [1]
  .text              ro code       0x8a3c   0x104  system_m3331.o [1]
  .text              ro code       0x8b40   0x501  xprintfsmall_nomb.o [2]
  .text              ro code       0x9042    0x3a  zero_init3.o [3]
  .text              ro code       0x907c    0x16  strchr.o [3]
  .text              ro code       0x9092    0x2e  copy_init3.o [3]
  .text              ro code       0x90c0    0x40  xfail_s.o [2]
  .text              ro code       0x9100    0x36  strlen.o [3]
  .text              ro code       0x9138    0x58  memchr.o [3]
  .text              ro code       0x9190     0x6  abort.o [2]
  .text              ro code       0x9198    0x14  exit.o [4]
  .text              ro code       0x91ac   0x298  main.o [1]
  .text              ro code       0x9444   0x120  uart.o [1]
  .text              ro code       0x9564    0x48  wdt.o [1]
  .text              ro code       0x95ac    0x28  printf.o [2]
  .text              ro code       0x95d4     0xc  getchar.o [2]
  .text              ro code       0x95e0    0x58  fgetc.o [2]
  .text              ro code       0x9638    0xb6  xfrprep.o [2]
  .text              ro code       0x96f0    0x48  no_free_heap0.o [2]
  .text              ro code       0x9738    0x5c  retarget.o [1]
  .text              ro code       0x9794    0x2c  xgetmemchunk.o [2]
  .rodata            const         0x97c0    0x58  main.o [1]
  .text              ro code       0x9818    0x28  startup_m3331.o [1]
  .text              ro code       0x9840     0xc  cstartup_M.o [3]
  .text              ro code       0x984c    0x1e  cmain.o [3]
  .text              ro code       0x986c    0x28  data_init.o [3]
  .text              ro code       0x9894     0x4  exit.o [2]
  .text              ro code       0x9898     0xa  cexit.o [3]
  .iar.init_table    const         0x98a4    0x24  - Linker created -
  .text              ro code       0x98c8    0x16  xprout.o [2]
  .text              ro code       0x98e0     0xc  putchar.o [2]
  .rodata            const         0x98ec     0x0  zero_init3.o [3]
  .rodata            const         0x98ec     0x0  copy_init3.o [3]
  Initializer bytes  const         0x98ec    0x9c  <for P3 s0>
                                 - 0x9988  0x1704

"P3", part 1 of 3:                           0x9c
  P3 s0                       0x2000'0000    0x9c  <Init block>
    .data            inited   0x2000'0000    0x48  xfiles.o [2]
    .data            inited   0x2000'0048    0x48  xfiles.o [2]
    .data            inited   0x2000'0090     0xc  system_m3331.o [1]
                            - 0x2000'009c    0x9c

"P3", part 2 of 3:                           0x64
  .bss               zero     0x2000'009c    0x50  xfiles.o [2]
  .bss               zero     0x2000'00ec     0x8  main.o [1]
  .bss               zero     0x2000'00f4     0x4  no_free_heap0.o [2]
  .bss               zero     0x2000'00f8     0x4  xfail_s.o [2]
  .bss               zero     0x2000'00fc     0x4  xgetmemchunk.o [2]
                            - 0x2000'0100    0x64

"P3", part 3 of 3:                          0x800
  CSTACK                      0x2000'0100   0x800  <Block>
    CSTACK           uninit   0x2000'0100   0x800  <Block tail>
  HEAP                        0x2000'0900     0x0  <Block>
                            - 0x2000'0900   0x800

Unused ranges:

         From           To      Size
         ----           --      ----
          0x0          0x0       0x1
       0x9988       0xffff    0x6678
  0x2000'0900  0x2004'ffff  0x4'f700


*******************************************************************************
*** INIT TABLE
***

          Address      Size
          -------      ----
Zero (__iar_zero_init3)
    1 destination range, total size 0x64:
          0x2000'009c  0x64

Copy (__iar_copy_init3)
    1 source range, total size 0x9c:
               0x98ec  0x9c
    1 destination range, total size 0x9c:
          0x2000'0000  0x9c



*******************************************************************************
*** MODULE SUMMARY
***

    Module               ro code  ro data  rw data
    ------               -------  -------  -------
command line/config:
    ----------------------------------------------
    Total:

C:\MCU_MS20\MAG071_M3331\m3331bsp\SampleCode\StdDriver\FMC_FwUpdateApplication\App\IAR\App\Obj: [1]
    clk.o                  1'976
    main.o                   664       88        8
    retarget.o                92
    startup_m3331.o           40      644
    system_m3331.o           260       12       12
    uart.o                   288
    wdt.o                     72
    ----------------------------------------------
    Total:                 3'392      744       20

dl7M_tlf.a: [2]
    abort.o                    6
    exit.o                     4
    fgetc.o                   88
    getchar.o                 12
    no_free_heap0.o           72                 4
    printf.o                  40
    putchar.o                 12
    xfail_s.o                 64                 4
    xfiles.o                          144      224
    xfrprep.o                182
    xgetmemchunk.o            44                 4
    xprintfsmall_nomb.o    1'281
    xprout.o                  22
    ----------------------------------------------
    Total:                 1'827      144      236

rt7M_tl.a: [3]
    cexit.o                   10
    cmain.o                   30
    copy_init3.o              46
    cstartup_M.o              12
    data_init.o               40
    memchr.o                  88
    strchr.o                  22
    strlen.o                  54
    zero_init3.o              58
    ----------------------------------------------
    Total:                   360

shb_l.a: [4]
    exit.o                    20
    ----------------------------------------------
    Total:                    20

    Gaps                      11        2
    Linker created                     36    2'048
--------------------------------------------------
    Grand Total:           5'610      926    2'304


*******************************************************************************
*** ENTRY LIST
***

Entry                       Address   Size  Type      Object
-----                       -------   ----  ----      ------
.iar.init_table$$Base        0x98a4          --   Gb  - Linker created -
.iar.init_table$$Limit       0x98c8          --   Gb  - Linker created -
?main                        0x984d         Code  Gb  cmain.o [3]
CLK_EnableModuleClock        0x864d   0x30  Code  Gb  clk.o [1]
CLK_EnablePLL                0x8685  0x17e  Code  Gb  clk.o [1]
CLK_GetCPUFreq               0x82df   0xa4  Code  Gb  clk.o [1]
CLK_GetModuleClockDivider
                             0x88d9   0x50  Code  Gb  clk.o [1]
CLK_GetModuleClockSource
                             0x886d   0x6c  Code  Gb  clk.o [1]
CLK_GetPLLClockFreq          0x8825   0x48  Code  Gb  clk.o [1]
CLK_PowerDown                0x8285   0x5a  Code  Gb  clk.o [1]
CLK_SetCoreClock             0x8383   0x98  Code  Gb  clk.o [1]
CLK_SetHCLK                  0x841b  0x156  Code  Gb  clk.o [1]
CLK_SetModuleClock           0x8571   0xd4  Code  Gb  clk.o [1]
CLK_WaitClockReady           0x8803   0x20  Code  Gb  clk.o [1]
CSTACK$$Base            0x2000'0100         Data  Gb  - Linker created -
CSTACK$$Limit           0x2000'0900         Data  Gb  - Linker created -
CyclesPerUs             0x2000'0094    0x4  Data  Gb  system_m3331.o [1]
Default_Handler              0x983d    0x2  Code  Gb  startup_m3331.o [1]
HEAP$$Base              0x2000'0900          --   Gb  - Linker created -
HEAP$$Limit             0x2000'0900          --   Gb  - Linker created -
PllClock                0x2000'0098    0x4  Data  Gb  system_m3331.o [1]
Region$$Table$$Base          0x98a4          --   Gb  - Linker created -
Region$$Table$$Limit         0x98c8          --   Gb  - Linker created -
Reset_Handler                0x9819   0x1a  Code  Gb  startup_m3331.o [1]
SCU_IRQHandler               0x8a3d    0x2  Code  Gb  system_m3331.o [1]
SYS_Init                     0x91e1   0x4e  Code  Gb  main.o [1]
SYS_UnlockReg                0x91ad   0x20  Code  Lc  main.o [1]
SendChar_ToUART              0x9767    0x2  Code  Gb  retarget.o [1]
SystemCoreClock         0x2000'0090    0x4  Data  Gb  system_m3331.o [1]
SystemCoreClockUpdate        0x8a3f   0x20  Code  Gb  system_m3331.o [1]
SystemInit                   0x8a61   0xac  Code  Gb  system_m3331.o [1]
UART_Open                    0x9445   0xce  Code  Gb  uart.o [1]
WDT0_IRQHandler              0x91cd   0x14  Code  Gb  main.o [1]
WDT_Open                     0x9565   0x48  Code  Gb  wdt.o [1]
_Frprep                      0x9639   0xb6  Code  Gb  xfrprep.o [2]
_LitobSmallNoMb              0x8eff   0xce  Code  Lc  xprintfsmall_nomb.o [2]
_PrintfSmallNoMb             0x8b41  0x3b2  Code  Gb  xprintfsmall_nomb.o [2]
_Prout                       0x98c9   0x16  Code  Gb  xprout.o [2]
_PutcharSmallNoMb            0x8fcd   0x20  Code  Lc  xprintfsmall_nomb.o [2]
_PutcharsSmallNoMb           0x8fed   0x2e  Code  Lc  xprintfsmall_nomb.o [2]
__cmain                      0x984d         Code  Gb  cmain.o [3]
__data_GetMemChunk           0x9795   0x2c  Code  Gb  xgetmemchunk.o [2]
__data_GetMemChunk::start
                        0x2000'00fc    0x4  Data  Lc  xgetmemchunk.o [2]
__exit                       0x9199   0x14  Code  Gb  exit.o [4]
__iar_Fail_s                 0x90c1   0x1c  Code  Gb  xfail_s.o [2]
__iar_Memchr                 0x9139         Code  Gb  memchr.o [3]
__iar_Stdin             0x2000'0000   0x48  Data  Gb  xfiles.o [2]
__iar_Stdout            0x2000'0048   0x48  Data  Gb  xfiles.o [2]
__iar_Strchr                 0x907d         Code  Gb  strchr.o [3]
__iar_copy_init3             0x9093   0x2e  Code  Gb  copy_init3.o [3]
__iar_data_init3             0x986d   0x28  Code  Gb  data_init.o [3]
__iar_program_start          0x9841         Code  Gb  cstartup_M.o [3]
__iar_zero_init3             0x9043   0x3a  Code  Gb  zero_init3.o [3]
__no_free_malloc             0x96f1   0x44  Code  Gb  no_free_heap0.o [2]
__read                       0x9739   0x2e  Code  Gb  retarget.o [1]
__vector_table               0x8000  0x284  Data  Gb  startup_m3331.o [1]
_call_main                   0x9859         Code  Gb  cmain.o [3]
_exit                        0x9899         Code  Gb  cexit.o [3]
_main                        0x9867         Code  Gb  cmain.o [3]
abort                        0x9191    0x6  Code  Gb  abort.o [2]
exit                         0x9895    0x4  Code  Gb  exit.o [2]
fgetc                        0x95e1   0x58  Code  Gb  fgetc.o [2]
fputc                        0x9789    0xc  Code  Gb  retarget.o [1]
getchar                      0x95d5    0x6  Code  Gb  getchar.o [2]
main                         0x9231  0x120  Code  Gb  main.o [1]
memchr                       0x9139         Code  Gb  memchr.o [3]
obuf                    0x2000'009c   0x50  Data  Lc  xfiles.o [2]
printf                       0x95ad   0x28  Code  Gb  printf.o [2]
putchar                      0x98e1    0xc  Code  Gb  putchar.o [2]
qs                      0x2000'00f4    0x4  Data  Lc  no_free_heap0.o [2]
s_u32ExecBank           0x2000'00ec    0x4  Data  Lc  main.o [1]
s_u32GetSum             0x2000'00f0    0x4  Data  Lc  main.o [1]
sec_hand                0x2000'00f8    0x4  Data  Lc  xfail_s.o [2]
strchr                       0x907d         Code  Gb  strchr.o [3]
strlen                       0x9101         Code  Gb  strlen.o [3]


[1] = C:\MCU_MS20\MAG071_M3331\m3331bsp\SampleCode\StdDriver\FMC_FwUpdateApplication\App\IAR\App\Obj
[2] = dl7M_tlf.a
[3] = rt7M_tl.a
[4] = shb_l.a

  5'610 bytes of readonly  code memory
    926 bytes of readonly  data memory
  2'304 bytes of readwrite data memory

Errors: none
Warnings: none
