<!doctype html public "-//w3c//dtd html 4.0 transitional//en">
<html><head>
<title>Static Call Graph - [.\obj\ISP_USCI_SPI.axf]</title></head>
<body><HR>
<H1>Static Call Graph for image .\obj\ISP_USCI_SPI.axf</H1><HR>
<BR><P>#&#060CALLGRAPH&#062# ARM Linker, 6220000: Last Updated: Mon Apr 27 00:45:45 2026
<BR><P>
<H3>Maximum Stack Usage =        200 bytes + Unknown(Cycles, Untraceable Function Pointers)</H3><H3>
Call chain for Maximum Stack Depth:</H3>
main &rArr; ParseCmd &rArr; GetDataFlashInfo &rArr; FMC_Proc
<P>
<H3>
Mutually Recursive functions
</H3> <LI><a href="#[1]">NMI_Handler</a>&nbsp;&nbsp;&nbsp;&rArr;&nbsp;&nbsp;&nbsp;<a href="#[1]">NMI_Handler</a><BR>
 <LI><a href="#[2]">HardFault_Handler</a>&nbsp;&nbsp;&nbsp;&rArr;&nbsp;&nbsp;&nbsp;<a href="#[2]">HardFault_Handler</a><BR>
 <LI><a href="#[3]">MemManage_Handler</a>&nbsp;&nbsp;&nbsp;&rArr;&nbsp;&nbsp;&nbsp;<a href="#[3]">MemManage_Handler</a><BR>
 <LI><a href="#[4]">BusFault_Handler</a>&nbsp;&nbsp;&nbsp;&rArr;&nbsp;&nbsp;&nbsp;<a href="#[4]">BusFault_Handler</a><BR>
 <LI><a href="#[5]">UsageFault_Handler</a>&nbsp;&nbsp;&nbsp;&rArr;&nbsp;&nbsp;&nbsp;<a href="#[5]">UsageFault_Handler</a><BR>
 <LI><a href="#[6]">SVC_Handler</a>&nbsp;&nbsp;&nbsp;&rArr;&nbsp;&nbsp;&nbsp;<a href="#[6]">SVC_Handler</a><BR>
 <LI><a href="#[7]">DebugMon_Handler</a>&nbsp;&nbsp;&nbsp;&rArr;&nbsp;&nbsp;&nbsp;<a href="#[7]">DebugMon_Handler</a><BR>
 <LI><a href="#[8]">PendSV_Handler</a>&nbsp;&nbsp;&nbsp;&rArr;&nbsp;&nbsp;&nbsp;<a href="#[8]">PendSV_Handler</a><BR>
 <LI><a href="#[9]">SysTick_Handler</a>&nbsp;&nbsp;&nbsp;&rArr;&nbsp;&nbsp;&nbsp;<a href="#[9]">SysTick_Handler</a><BR>
 <LI><a href="#[20]">Default_Handler</a>&nbsp;&nbsp;&nbsp;&rArr;&nbsp;&nbsp;&nbsp;<a href="#[20]">Default_Handler</a><BR>
</UL>
<P>
<H3>
Function Pointers
</H3><UL>
 <LI><a href="#[2b]">ACMP01_IRQHandler</a> from startup_m2003j_isp.o(.text) referenced from startup_m2003j_isp.o(RESET)
 <LI><a href="#[2a]">ADC_IRQHandler</a> from startup_m2003j_isp.o(.text) referenced from startup_m2003j_isp.o(RESET)
 <LI><a href="#[a]">BOD_IRQHandler</a> from startup_m2003j_isp.o(.text) referenced from startup_m2003j_isp.o(RESET)
 <LI><a href="#[3b]">BPWM0_IRQHandler</a> from startup_m2003j_isp.o(.text) referenced from startup_m2003j_isp.o(RESET)
 <LI><a href="#[3c]">BPWM1_IRQHandler</a> from startup_m2003j_isp.o(.text) referenced from startup_m2003j_isp.o(RESET)
 <LI><a href="#[4]">BusFault_Handler</a> from startup_m2003j_isp.o(.text) referenced from startup_m2003j_isp.o(RESET)
 <LI><a href="#[e]">CLKFAIL_IRQHandler</a> from startup_m2003j_isp.o(.text) referenced from startup_m2003j_isp.o(RESET)
 <LI><a href="#[30]">CRC_IRQHandler</a> from startup_m2003j_isp.o(.text) referenced from startup_m2003j_isp.o(RESET)
 <LI><a href="#[3d]">DFMC_IRQHandler</a> from startup_m2003j_isp.o(.text) referenced from startup_m2003j_isp.o(RESET)
 <LI><a href="#[7]">DebugMon_Handler</a> from startup_m2003j_isp.o(.text) referenced from startup_m2003j_isp.o(RESET)
 <LI><a href="#[20]">Default_Handler</a> from startup_m2003j_isp.o(.text) referenced 35 times from startup_m2003j_isp.o(RESET)
 <LI><a href="#[14]">EINT0_IRQHandler</a> from startup_m2003j_isp.o(.text) referenced from startup_m2003j_isp.o(RESET)
 <LI><a href="#[15]">EINT1_IRQHandler</a> from startup_m2003j_isp.o(.text) referenced from startup_m2003j_isp.o(RESET)
 <LI><a href="#[16]">EINT2_IRQHandler</a> from startup_m2003j_isp.o(.text) referenced from startup_m2003j_isp.o(RESET)
 <LI><a href="#[17]">EINT3_IRQHandler</a> from startup_m2003j_isp.o(.text) referenced from startup_m2003j_isp.o(RESET)
 <LI><a href="#[18]">EINT4_IRQHandler</a> from startup_m2003j_isp.o(.text) referenced from startup_m2003j_isp.o(RESET)
 <LI><a href="#[19]">EINT5_IRQHandler</a> from startup_m2003j_isp.o(.text) referenced from startup_m2003j_isp.o(RESET)
 <LI><a href="#[f]">FMC_IRQHandler</a> from startup_m2003j_isp.o(.text) referenced from startup_m2003j_isp.o(RESET)
 <LI><a href="#[1a]">GPA_IRQHandler</a> from startup_m2003j_isp.o(.text) referenced from startup_m2003j_isp.o(RESET)
 <LI><a href="#[1b]">GPB_IRQHandler</a> from startup_m2003j_isp.o(.text) referenced from startup_m2003j_isp.o(RESET)
 <LI><a href="#[1c]">GPC_IRQHandler</a> from startup_m2003j_isp.o(.text) referenced from startup_m2003j_isp.o(RESET)
 <LI><a href="#[1d]">GPD_IRQHandler</a> from startup_m2003j_isp.o(.text) referenced from startup_m2003j_isp.o(RESET)
 <LI><a href="#[1e]">GPE_IRQHandler</a> from startup_m2003j_isp.o(.text) referenced from startup_m2003j_isp.o(RESET)
 <LI><a href="#[1f]">GPF_IRQHandler</a> from startup_m2003j_isp.o(.text) referenced from startup_m2003j_isp.o(RESET)
 <LI><a href="#[39]">GPG_IRQHandler</a> from startup_m2003j_isp.o(.text) referenced from startup_m2003j_isp.o(RESET)
 <LI><a href="#[2]">HardFault_Handler</a> from startup_m2003j_isp.o(.text) referenced from startup_m2003j_isp.o(RESET)
 <LI><a href="#[27]">I2C0_IRQHandler</a> from startup_m2003j_isp.o(.text) referenced from startup_m2003j_isp.o(RESET)
 <LI><a href="#[28]">I2C1_IRQHandler</a> from startup_m2003j_isp.o(.text) referenced from startup_m2003j_isp.o(RESET)
 <LI><a href="#[3e]">I2C2_IRQHandler</a> from startup_m2003j_isp.o(.text) referenced from startup_m2003j_isp.o(RESET)
 <LI><a href="#[b]">IRC_IRQHandler</a> from startup_m2003j_isp.o(.text) referenced from startup_m2003j_isp.o(RESET)
 <LI><a href="#[3]">MemManage_Handler</a> from startup_m2003j_isp.o(.text) referenced from startup_m2003j_isp.o(RESET)
 <LI><a href="#[1]">NMI_Handler</a> from startup_m2003j_isp.o(.text) referenced from startup_m2003j_isp.o(RESET)
 <LI><a href="#[29]">PDMA_IRQHandler</a> from startup_m2003j_isp.o(.text) referenced from startup_m2003j_isp.o(RESET)
 <LI><a href="#[c]">PWRWU_IRQHandler</a> from startup_m2003j_isp.o(.text) referenced from startup_m2003j_isp.o(RESET)
 <LI><a href="#[8]">PendSV_Handler</a> from startup_m2003j_isp.o(.text) referenced from startup_m2003j_isp.o(RESET)
 <LI><a href="#[10]">RTC_IRQHandler</a> from startup_m2003j_isp.o(.text) referenced from startup_m2003j_isp.o(RESET)
 <LI><a href="#[0]">Reset_Handler</a> from startup_m2003j_isp.o(.text) referenced from startup_m2003j_isp.o(RESET)
 <LI><a href="#[d]">SR0ECC_Handler</a> from startup_m2003j_isp.o(.text) referenced from startup_m2003j_isp.o(RESET)
 <LI><a href="#[11]">SR1ECC_Handler</a> from startup_m2003j_isp.o(.text) referenced from startup_m2003j_isp.o(RESET)
 <LI><a href="#[6]">SVC_Handler</a> from startup_m2003j_isp.o(.text) referenced from startup_m2003j_isp.o(RESET)
 <LI><a href="#[9]">SysTick_Handler</a> from startup_m2003j_isp.o(.text) referenced from startup_m2003j_isp.o(RESET)
 <LI><a href="#[40]">SystemInit</a> from system_m2003j.o(.text.SystemInit) referenced from startup_m2003j_isp.o(.text)
 <LI><a href="#[21]">TMR0_IRQHandler</a> from startup_m2003j_isp.o(.text) referenced from startup_m2003j_isp.o(RESET)
 <LI><a href="#[22]">TMR1_IRQHandler</a> from startup_m2003j_isp.o(.text) referenced from startup_m2003j_isp.o(RESET)
 <LI><a href="#[23]">TMR2_IRQHandler</a> from startup_m2003j_isp.o(.text) referenced from startup_m2003j_isp.o(RESET)
 <LI><a href="#[24]">TMR3_IRQHandler</a> from startup_m2003j_isp.o(.text) referenced from startup_m2003j_isp.o(RESET)
 <LI><a href="#[34]">TMR4_IRQHandler</a> from startup_m2003j_isp.o(.text) referenced from startup_m2003j_isp.o(RESET)
 <LI><a href="#[35]">TMR5_IRQHandler</a> from startup_m2003j_isp.o(.text) referenced from startup_m2003j_isp.o(RESET)
 <LI><a href="#[36]">TMR6_IRQHandler</a> from startup_m2003j_isp.o(.text) referenced from startup_m2003j_isp.o(RESET)
 <LI><a href="#[37]">TMR7_IRQHandler</a> from startup_m2003j_isp.o(.text) referenced from startup_m2003j_isp.o(RESET)
 <LI><a href="#[38]">TMR8_IRQHandler</a> from startup_m2003j_isp.o(.text) referenced from startup_m2003j_isp.o(RESET)
 <LI><a href="#[25]">UART0_IRQHandler</a> from startup_m2003j_isp.o(.text) referenced from startup_m2003j_isp.o(RESET)
 <LI><a href="#[26]">UART1_IRQHandler</a> from startup_m2003j_isp.o(.text) referenced from startup_m2003j_isp.o(RESET)
 <LI><a href="#[2c]">UART2_IRQHandler</a> from startup_m2003j_isp.o(.text) referenced from startup_m2003j_isp.o(RESET)
 <LI><a href="#[2d]">UART3_IRQHandler</a> from startup_m2003j_isp.o(.text) referenced from startup_m2003j_isp.o(RESET)
 <LI><a href="#[3a]">UART4_IRQHandler</a> from startup_m2003j_isp.o(.text) referenced from startup_m2003j_isp.o(RESET)
 <LI><a href="#[2e]">USCI0_IRQHandler</a> from usci_spi_transfer.o(.text.USCI0_IRQHandler) referenced from startup_m2003j_isp.o(RESET)
 <LI><a href="#[2f]">USCI1_IRQHandler</a> from startup_m2003j_isp.o(.text) referenced from startup_m2003j_isp.o(RESET)
 <LI><a href="#[31]">USCI2_IRQHandler</a> from startup_m2003j_isp.o(.text) referenced from startup_m2003j_isp.o(RESET)
 <LI><a href="#[32]">USCI3_IRQHandler</a> from startup_m2003j_isp.o(.text) referenced from startup_m2003j_isp.o(RESET)
 <LI><a href="#[33]">USCI4_IRQHandler</a> from startup_m2003j_isp.o(.text) referenced from startup_m2003j_isp.o(RESET)
 <LI><a href="#[5]">UsageFault_Handler</a> from startup_m2003j_isp.o(.text) referenced from startup_m2003j_isp.o(RESET)
 <LI><a href="#[12]">WDT_IRQHandler</a> from startup_m2003j_isp.o(.text) referenced from startup_m2003j_isp.o(RESET)
 <LI><a href="#[13]">WWDT_IRQHandler</a> from startup_m2003j_isp.o(.text) referenced from startup_m2003j_isp.o(RESET)
 <LI><a href="#[41]">__main</a> from entry.o(.ARM.Collect$$$$00000000) referenced from startup_m2003j_isp.o(.text)
 <LI><a href="#[3f]">main</a> from main.o(.text.main) referenced from entry9a.o(.ARM.Collect$$$$0000000B)
</UL>
<P>
<H3>
Global Symbols
</H3>
<P><STRONG><a name="[41]"></a>__main</STRONG> (Thumb, 0 bytes, Stack size unknown bytes, entry.o(.ARM.Collect$$$$00000000))
<BR>[Address Reference Count : 1]<UL><LI> startup_m2003j_isp.o(.text)
</UL>
<P><STRONG><a name="[4f]"></a>_main_stk</STRONG> (Thumb, 0 bytes, Stack size unknown bytes, entry2.o(.ARM.Collect$$$$00000001))

<P><STRONG><a name="[42]"></a>_main_scatterload</STRONG> (Thumb, 0 bytes, Stack size unknown bytes, entry5.o(.ARM.Collect$$$$00000004))
<BR><BR>[Calls]<UL><LI><a href="#[43]">&gt;&gt;</a>&nbsp;&nbsp;&nbsp;__scatterload
</UL>

<P><STRONG><a name="[47]"></a>__main_after_scatterload</STRONG> (Thumb, 0 bytes, Stack size unknown bytes, entry5.o(.ARM.Collect$$$$00000004))
<BR><BR>[Called By]<UL><LI><a href="#[43]">&gt;&gt;</a>&nbsp;&nbsp;&nbsp;__scatterload
</UL>

<P><STRONG><a name="[50]"></a>_main_clock</STRONG> (Thumb, 0 bytes, Stack size unknown bytes, entry7b.o(.ARM.Collect$$$$00000008))

<P><STRONG><a name="[51]"></a>_main_cpp_init</STRONG> (Thumb, 0 bytes, Stack size unknown bytes, entry8b.o(.ARM.Collect$$$$0000000A))

<P><STRONG><a name="[52]"></a>_main_init</STRONG> (Thumb, 0 bytes, Stack size unknown bytes, entry9a.o(.ARM.Collect$$$$0000000B))

<P><STRONG><a name="[53]"></a>__rt_final_cpp</STRONG> (Thumb, 0 bytes, Stack size unknown bytes, entry10a.o(.ARM.Collect$$$$0000000D))

<P><STRONG><a name="[54]"></a>__rt_final_exit</STRONG> (Thumb, 0 bytes, Stack size unknown bytes, entry11a.o(.ARM.Collect$$$$0000000F))

<P><STRONG><a name="[0]"></a>Reset_Handler</STRONG> (Thumb, 44 bytes, Stack size 0 bytes, startup_m2003j_isp.o(.text))
<BR>[Address Reference Count : 1]<UL><LI> startup_m2003j_isp.o(RESET)
</UL>
<P><STRONG><a name="[1]"></a>NMI_Handler</STRONG> (Thumb, 2 bytes, Stack size 0 bytes, startup_m2003j_isp.o(.text))
<BR><BR>[Calls]<UL><LI><a href="#[1]">&gt;&gt;</a>&nbsp;&nbsp;&nbsp;NMI_Handler
</UL>
<BR>[Called By]<UL><LI><a href="#[1]">&gt;&gt;</a>&nbsp;&nbsp;&nbsp;NMI_Handler
</UL>
<BR>[Address Reference Count : 1]<UL><LI> startup_m2003j_isp.o(RESET)
</UL>
<P><STRONG><a name="[2]"></a>HardFault_Handler</STRONG> (Thumb, 2 bytes, Stack size 0 bytes, startup_m2003j_isp.o(.text))
<BR><BR>[Calls]<UL><LI><a href="#[2]">&gt;&gt;</a>&nbsp;&nbsp;&nbsp;HardFault_Handler
</UL>
<BR>[Called By]<UL><LI><a href="#[2]">&gt;&gt;</a>&nbsp;&nbsp;&nbsp;HardFault_Handler
</UL>
<BR>[Address Reference Count : 1]<UL><LI> startup_m2003j_isp.o(RESET)
</UL>
<P><STRONG><a name="[3]"></a>MemManage_Handler</STRONG> (Thumb, 2 bytes, Stack size 0 bytes, startup_m2003j_isp.o(.text))
<BR><BR>[Calls]<UL><LI><a href="#[3]">&gt;&gt;</a>&nbsp;&nbsp;&nbsp;MemManage_Handler
</UL>
<BR>[Called By]<UL><LI><a href="#[3]">&gt;&gt;</a>&nbsp;&nbsp;&nbsp;MemManage_Handler
</UL>
<BR>[Address Reference Count : 1]<UL><LI> startup_m2003j_isp.o(RESET)
</UL>
<P><STRONG><a name="[4]"></a>BusFault_Handler</STRONG> (Thumb, 2 bytes, Stack size 0 bytes, startup_m2003j_isp.o(.text))
<BR><BR>[Calls]<UL><LI><a href="#[4]">&gt;&gt;</a>&nbsp;&nbsp;&nbsp;BusFault_Handler
</UL>
<BR>[Called By]<UL><LI><a href="#[4]">&gt;&gt;</a>&nbsp;&nbsp;&nbsp;BusFault_Handler
</UL>
<BR>[Address Reference Count : 1]<UL><LI> startup_m2003j_isp.o(RESET)
</UL>
<P><STRONG><a name="[5]"></a>UsageFault_Handler</STRONG> (Thumb, 2 bytes, Stack size 0 bytes, startup_m2003j_isp.o(.text))
<BR><BR>[Calls]<UL><LI><a href="#[5]">&gt;&gt;</a>&nbsp;&nbsp;&nbsp;UsageFault_Handler
</UL>
<BR>[Called By]<UL><LI><a href="#[5]">&gt;&gt;</a>&nbsp;&nbsp;&nbsp;UsageFault_Handler
</UL>
<BR>[Address Reference Count : 1]<UL><LI> startup_m2003j_isp.o(RESET)
</UL>
<P><STRONG><a name="[6]"></a>SVC_Handler</STRONG> (Thumb, 2 bytes, Stack size 0 bytes, startup_m2003j_isp.o(.text))
<BR><BR>[Calls]<UL><LI><a href="#[6]">&gt;&gt;</a>&nbsp;&nbsp;&nbsp;SVC_Handler
</UL>
<BR>[Called By]<UL><LI><a href="#[6]">&gt;&gt;</a>&nbsp;&nbsp;&nbsp;SVC_Handler
</UL>
<BR>[Address Reference Count : 1]<UL><LI> startup_m2003j_isp.o(RESET)
</UL>
<P><STRONG><a name="[7]"></a>DebugMon_Handler</STRONG> (Thumb, 2 bytes, Stack size 0 bytes, startup_m2003j_isp.o(.text))
<BR><BR>[Calls]<UL><LI><a href="#[7]">&gt;&gt;</a>&nbsp;&nbsp;&nbsp;DebugMon_Handler
</UL>
<BR>[Called By]<UL><LI><a href="#[7]">&gt;&gt;</a>&nbsp;&nbsp;&nbsp;DebugMon_Handler
</UL>
<BR>[Address Reference Count : 1]<UL><LI> startup_m2003j_isp.o(RESET)
</UL>
<P><STRONG><a name="[8]"></a>PendSV_Handler</STRONG> (Thumb, 2 bytes, Stack size 0 bytes, startup_m2003j_isp.o(.text))
<BR><BR>[Calls]<UL><LI><a href="#[8]">&gt;&gt;</a>&nbsp;&nbsp;&nbsp;PendSV_Handler
</UL>
<BR>[Called By]<UL><LI><a href="#[8]">&gt;&gt;</a>&nbsp;&nbsp;&nbsp;PendSV_Handler
</UL>
<BR>[Address Reference Count : 1]<UL><LI> startup_m2003j_isp.o(RESET)
</UL>
<P><STRONG><a name="[9]"></a>SysTick_Handler</STRONG> (Thumb, 2 bytes, Stack size 0 bytes, startup_m2003j_isp.o(.text))
<BR><BR>[Calls]<UL><LI><a href="#[9]">&gt;&gt;</a>&nbsp;&nbsp;&nbsp;SysTick_Handler
</UL>
<BR>[Called By]<UL><LI><a href="#[9]">&gt;&gt;</a>&nbsp;&nbsp;&nbsp;SysTick_Handler
</UL>
<BR>[Address Reference Count : 1]<UL><LI> startup_m2003j_isp.o(RESET)
</UL>
<P><STRONG><a name="[2b]"></a>ACMP01_IRQHandler</STRONG> (Thumb, 0 bytes, Stack size 0 bytes, startup_m2003j_isp.o(.text))
<BR>[Address Reference Count : 1]<UL><LI> startup_m2003j_isp.o(RESET)
</UL>
<P><STRONG><a name="[2a]"></a>ADC_IRQHandler</STRONG> (Thumb, 0 bytes, Stack size 0 bytes, startup_m2003j_isp.o(.text))
<BR>[Address Reference Count : 1]<UL><LI> startup_m2003j_isp.o(RESET)
</UL>
<P><STRONG><a name="[a]"></a>BOD_IRQHandler</STRONG> (Thumb, 0 bytes, Stack size 0 bytes, startup_m2003j_isp.o(.text))
<BR>[Address Reference Count : 1]<UL><LI> startup_m2003j_isp.o(RESET)
</UL>
<P><STRONG><a name="[3b]"></a>BPWM0_IRQHandler</STRONG> (Thumb, 0 bytes, Stack size 0 bytes, startup_m2003j_isp.o(.text))
<BR>[Address Reference Count : 1]<UL><LI> startup_m2003j_isp.o(RESET)
</UL>
<P><STRONG><a name="[3c]"></a>BPWM1_IRQHandler</STRONG> (Thumb, 0 bytes, Stack size 0 bytes, startup_m2003j_isp.o(.text))
<BR>[Address Reference Count : 1]<UL><LI> startup_m2003j_isp.o(RESET)
</UL>
<P><STRONG><a name="[e]"></a>CLKFAIL_IRQHandler</STRONG> (Thumb, 0 bytes, Stack size 0 bytes, startup_m2003j_isp.o(.text))
<BR>[Address Reference Count : 1]<UL><LI> startup_m2003j_isp.o(RESET)
</UL>
<P><STRONG><a name="[30]"></a>CRC_IRQHandler</STRONG> (Thumb, 0 bytes, Stack size 0 bytes, startup_m2003j_isp.o(.text))
<BR>[Address Reference Count : 1]<UL><LI> startup_m2003j_isp.o(RESET)
</UL>
<P><STRONG><a name="[3d]"></a>DFMC_IRQHandler</STRONG> (Thumb, 0 bytes, Stack size 0 bytes, startup_m2003j_isp.o(.text))
<BR>[Address Reference Count : 1]<UL><LI> startup_m2003j_isp.o(RESET)
</UL>
<P><STRONG><a name="[14]"></a>EINT0_IRQHandler</STRONG> (Thumb, 0 bytes, Stack size 0 bytes, startup_m2003j_isp.o(.text))
<BR>[Address Reference Count : 1]<UL><LI> startup_m2003j_isp.o(RESET)
</UL>
<P><STRONG><a name="[15]"></a>EINT1_IRQHandler</STRONG> (Thumb, 0 bytes, Stack size 0 bytes, startup_m2003j_isp.o(.text))
<BR>[Address Reference Count : 1]<UL><LI> startup_m2003j_isp.o(RESET)
</UL>
<P><STRONG><a name="[16]"></a>EINT2_IRQHandler</STRONG> (Thumb, 0 bytes, Stack size 0 bytes, startup_m2003j_isp.o(.text))
<BR>[Address Reference Count : 1]<UL><LI> startup_m2003j_isp.o(RESET)
</UL>
<P><STRONG><a name="[17]"></a>EINT3_IRQHandler</STRONG> (Thumb, 0 bytes, Stack size 0 bytes, startup_m2003j_isp.o(.text))
<BR>[Address Reference Count : 1]<UL><LI> startup_m2003j_isp.o(RESET)
</UL>
<P><STRONG><a name="[18]"></a>EINT4_IRQHandler</STRONG> (Thumb, 0 bytes, Stack size 0 bytes, startup_m2003j_isp.o(.text))
<BR>[Address Reference Count : 1]<UL><LI> startup_m2003j_isp.o(RESET)
</UL>
<P><STRONG><a name="[19]"></a>EINT5_IRQHandler</STRONG> (Thumb, 0 bytes, Stack size 0 bytes, startup_m2003j_isp.o(.text))
<BR>[Address Reference Count : 1]<UL><LI> startup_m2003j_isp.o(RESET)
</UL>
<P><STRONG><a name="[f]"></a>FMC_IRQHandler</STRONG> (Thumb, 0 bytes, Stack size 0 bytes, startup_m2003j_isp.o(.text))
<BR>[Address Reference Count : 1]<UL><LI> startup_m2003j_isp.o(RESET)
</UL>
<P><STRONG><a name="[1a]"></a>GPA_IRQHandler</STRONG> (Thumb, 0 bytes, Stack size 0 bytes, startup_m2003j_isp.o(.text))
<BR>[Address Reference Count : 1]<UL><LI> startup_m2003j_isp.o(RESET)
</UL>
<P><STRONG><a name="[1b]"></a>GPB_IRQHandler</STRONG> (Thumb, 0 bytes, Stack size 0 bytes, startup_m2003j_isp.o(.text))
<BR>[Address Reference Count : 1]<UL><LI> startup_m2003j_isp.o(RESET)
</UL>
<P><STRONG><a name="[1c]"></a>GPC_IRQHandler</STRONG> (Thumb, 0 bytes, Stack size 0 bytes, startup_m2003j_isp.o(.text))
<BR>[Address Reference Count : 1]<UL><LI> startup_m2003j_isp.o(RESET)
</UL>
<P><STRONG><a name="[1d]"></a>GPD_IRQHandler</STRONG> (Thumb, 0 bytes, Stack size 0 bytes, startup_m2003j_isp.o(.text))
<BR>[Address Reference Count : 1]<UL><LI> startup_m2003j_isp.o(RESET)
</UL>
<P><STRONG><a name="[1e]"></a>GPE_IRQHandler</STRONG> (Thumb, 0 bytes, Stack size 0 bytes, startup_m2003j_isp.o(.text))
<BR>[Address Reference Count : 1]<UL><LI> startup_m2003j_isp.o(RESET)
</UL>
<P><STRONG><a name="[1f]"></a>GPF_IRQHandler</STRONG> (Thumb, 0 bytes, Stack size 0 bytes, startup_m2003j_isp.o(.text))
<BR>[Address Reference Count : 1]<UL><LI> startup_m2003j_isp.o(RESET)
</UL>
<P><STRONG><a name="[39]"></a>GPG_IRQHandler</STRONG> (Thumb, 0 bytes, Stack size 0 bytes, startup_m2003j_isp.o(.text))
<BR>[Address Reference Count : 1]<UL><LI> startup_m2003j_isp.o(RESET)
</UL>
<P><STRONG><a name="[27]"></a>I2C0_IRQHandler</STRONG> (Thumb, 0 bytes, Stack size 0 bytes, startup_m2003j_isp.o(.text))
<BR>[Address Reference Count : 1]<UL><LI> startup_m2003j_isp.o(RESET)
</UL>
<P><STRONG><a name="[28]"></a>I2C1_IRQHandler</STRONG> (Thumb, 0 bytes, Stack size 0 bytes, startup_m2003j_isp.o(.text))
<BR>[Address Reference Count : 1]<UL><LI> startup_m2003j_isp.o(RESET)
</UL>
<P><STRONG><a name="[3e]"></a>I2C2_IRQHandler</STRONG> (Thumb, 0 bytes, Stack size 0 bytes, startup_m2003j_isp.o(.text))
<BR>[Address Reference Count : 1]<UL><LI> startup_m2003j_isp.o(RESET)
</UL>
<P><STRONG><a name="[b]"></a>IRC_IRQHandler</STRONG> (Thumb, 0 bytes, Stack size 0 bytes, startup_m2003j_isp.o(.text))
<BR>[Address Reference Count : 1]<UL><LI> startup_m2003j_isp.o(RESET)
</UL>
<P><STRONG><a name="[29]"></a>PDMA_IRQHandler</STRONG> (Thumb, 0 bytes, Stack size 0 bytes, startup_m2003j_isp.o(.text))
<BR>[Address Reference Count : 1]<UL><LI> startup_m2003j_isp.o(RESET)
</UL>
<P><STRONG><a name="[c]"></a>PWRWU_IRQHandler</STRONG> (Thumb, 0 bytes, Stack size 0 bytes, startup_m2003j_isp.o(.text))
<BR>[Address Reference Count : 1]<UL><LI> startup_m2003j_isp.o(RESET)
</UL>
<P><STRONG><a name="[10]"></a>RTC_IRQHandler</STRONG> (Thumb, 0 bytes, Stack size 0 bytes, startup_m2003j_isp.o(.text))
<BR>[Address Reference Count : 1]<UL><LI> startup_m2003j_isp.o(RESET)
</UL>
<P><STRONG><a name="[d]"></a>SR0ECC_Handler</STRONG> (Thumb, 0 bytes, Stack size 0 bytes, startup_m2003j_isp.o(.text))
<BR>[Address Reference Count : 1]<UL><LI> startup_m2003j_isp.o(RESET)
</UL>
<P><STRONG><a name="[11]"></a>SR1ECC_Handler</STRONG> (Thumb, 0 bytes, Stack size 0 bytes, startup_m2003j_isp.o(.text))
<BR>[Address Reference Count : 1]<UL><LI> startup_m2003j_isp.o(RESET)
</UL>
<P><STRONG><a name="[21]"></a>TMR0_IRQHandler</STRONG> (Thumb, 0 bytes, Stack size 0 bytes, startup_m2003j_isp.o(.text))
<BR>[Address Reference Count : 1]<UL><LI> startup_m2003j_isp.o(RESET)
</UL>
<P><STRONG><a name="[22]"></a>TMR1_IRQHandler</STRONG> (Thumb, 0 bytes, Stack size 0 bytes, startup_m2003j_isp.o(.text))
<BR>[Address Reference Count : 1]<UL><LI> startup_m2003j_isp.o(RESET)
</UL>
<P><STRONG><a name="[23]"></a>TMR2_IRQHandler</STRONG> (Thumb, 0 bytes, Stack size 0 bytes, startup_m2003j_isp.o(.text))
<BR>[Address Reference Count : 1]<UL><LI> startup_m2003j_isp.o(RESET)
</UL>
<P><STRONG><a name="[24]"></a>TMR3_IRQHandler</STRONG> (Thumb, 0 bytes, Stack size 0 bytes, startup_m2003j_isp.o(.text))
<BR>[Address Reference Count : 1]<UL><LI> startup_m2003j_isp.o(RESET)
</UL>
<P><STRONG><a name="[34]"></a>TMR4_IRQHandler</STRONG> (Thumb, 0 bytes, Stack size 0 bytes, startup_m2003j_isp.o(.text))
<BR>[Address Reference Count : 1]<UL><LI> startup_m2003j_isp.o(RESET)
</UL>
<P><STRONG><a name="[35]"></a>TMR5_IRQHandler</STRONG> (Thumb, 0 bytes, Stack size 0 bytes, startup_m2003j_isp.o(.text))
<BR>[Address Reference Count : 1]<UL><LI> startup_m2003j_isp.o(RESET)
</UL>
<P><STRONG><a name="[36]"></a>TMR6_IRQHandler</STRONG> (Thumb, 0 bytes, Stack size 0 bytes, startup_m2003j_isp.o(.text))
<BR>[Address Reference Count : 1]<UL><LI> startup_m2003j_isp.o(RESET)
</UL>
<P><STRONG><a name="[37]"></a>TMR7_IRQHandler</STRONG> (Thumb, 0 bytes, Stack size 0 bytes, startup_m2003j_isp.o(.text))
<BR>[Address Reference Count : 1]<UL><LI> startup_m2003j_isp.o(RESET)
</UL>
<P><STRONG><a name="[38]"></a>TMR8_IRQHandler</STRONG> (Thumb, 0 bytes, Stack size 0 bytes, startup_m2003j_isp.o(.text))
<BR>[Address Reference Count : 1]<UL><LI> startup_m2003j_isp.o(RESET)
</UL>
<P><STRONG><a name="[25]"></a>UART0_IRQHandler</STRONG> (Thumb, 0 bytes, Stack size 0 bytes, startup_m2003j_isp.o(.text))
<BR>[Address Reference Count : 1]<UL><LI> startup_m2003j_isp.o(RESET)
</UL>
<P><STRONG><a name="[26]"></a>UART1_IRQHandler</STRONG> (Thumb, 0 bytes, Stack size 0 bytes, startup_m2003j_isp.o(.text))
<BR>[Address Reference Count : 1]<UL><LI> startup_m2003j_isp.o(RESET)
</UL>
<P><STRONG><a name="[2c]"></a>UART2_IRQHandler</STRONG> (Thumb, 0 bytes, Stack size 0 bytes, startup_m2003j_isp.o(.text))
<BR>[Address Reference Count : 1]<UL><LI> startup_m2003j_isp.o(RESET)
</UL>
<P><STRONG><a name="[2d]"></a>UART3_IRQHandler</STRONG> (Thumb, 0 bytes, Stack size 0 bytes, startup_m2003j_isp.o(.text))
<BR>[Address Reference Count : 1]<UL><LI> startup_m2003j_isp.o(RESET)
</UL>
<P><STRONG><a name="[3a]"></a>UART4_IRQHandler</STRONG> (Thumb, 0 bytes, Stack size 0 bytes, startup_m2003j_isp.o(.text))
<BR>[Address Reference Count : 1]<UL><LI> startup_m2003j_isp.o(RESET)
</UL>
<P><STRONG><a name="[2f]"></a>USCI1_IRQHandler</STRONG> (Thumb, 0 bytes, Stack size 0 bytes, startup_m2003j_isp.o(.text))
<BR>[Address Reference Count : 1]<UL><LI> startup_m2003j_isp.o(RESET)
</UL>
<P><STRONG><a name="[31]"></a>USCI2_IRQHandler</STRONG> (Thumb, 0 bytes, Stack size 0 bytes, startup_m2003j_isp.o(.text))
<BR>[Address Reference Count : 1]<UL><LI> startup_m2003j_isp.o(RESET)
</UL>
<P><STRONG><a name="[32]"></a>USCI3_IRQHandler</STRONG> (Thumb, 0 bytes, Stack size 0 bytes, startup_m2003j_isp.o(.text))
<BR>[Address Reference Count : 1]<UL><LI> startup_m2003j_isp.o(RESET)
</UL>
<P><STRONG><a name="[33]"></a>USCI4_IRQHandler</STRONG> (Thumb, 0 bytes, Stack size 0 bytes, startup_m2003j_isp.o(.text))
<BR>[Address Reference Count : 1]<UL><LI> startup_m2003j_isp.o(RESET)
</UL>
<P><STRONG><a name="[12]"></a>WDT_IRQHandler</STRONG> (Thumb, 0 bytes, Stack size 0 bytes, startup_m2003j_isp.o(.text))
<BR>[Address Reference Count : 1]<UL><LI> startup_m2003j_isp.o(RESET)
</UL>
<P><STRONG><a name="[13]"></a>WWDT_IRQHandler</STRONG> (Thumb, 0 bytes, Stack size 0 bytes, startup_m2003j_isp.o(.text))
<BR>[Address Reference Count : 1]<UL><LI> startup_m2003j_isp.o(RESET)
</UL>
<P><STRONG><a name="[45]"></a>__aeabi_memset</STRONG> (Thumb, 14 bytes, Stack size 0 bytes, memseta.o(.text))
<BR><BR>[Called By]<UL><LI><a href="#[46]">&gt;&gt;</a>&nbsp;&nbsp;&nbsp;_memset$wrapper
<LI><a href="#[44]">&gt;&gt;</a>&nbsp;&nbsp;&nbsp;__aeabi_memclr
</UL>

<P><STRONG><a name="[55]"></a>__aeabi_memset4</STRONG> (Thumb, 0 bytes, Stack size 0 bytes, memseta.o(.text), UNUSED)

<P><STRONG><a name="[56]"></a>__aeabi_memset8</STRONG> (Thumb, 0 bytes, Stack size 0 bytes, memseta.o(.text), UNUSED)

<P><STRONG><a name="[44]"></a>__aeabi_memclr</STRONG> (Thumb, 4 bytes, Stack size 0 bytes, memseta.o(.text))
<BR><BR>[Calls]<UL><LI><a href="#[45]">&gt;&gt;</a>&nbsp;&nbsp;&nbsp;__aeabi_memset
</UL>
<BR>[Called By]<UL><LI><a href="#[4b]">&gt;&gt;</a>&nbsp;&nbsp;&nbsp;ParseCmd
</UL>

<P><STRONG><a name="[57]"></a>__aeabi_memclr4</STRONG> (Thumb, 0 bytes, Stack size 0 bytes, memseta.o(.text), UNUSED)

<P><STRONG><a name="[58]"></a>__aeabi_memclr8</STRONG> (Thumb, 0 bytes, Stack size 0 bytes, memseta.o(.text), UNUSED)

<P><STRONG><a name="[46]"></a>_memset$wrapper</STRONG> (Thumb, 18 bytes, Stack size 8 bytes, memseta.o(.text), UNUSED)
<BR><BR>[Calls]<UL><LI><a href="#[45]">&gt;&gt;</a>&nbsp;&nbsp;&nbsp;__aeabi_memset
</UL>

<P><STRONG><a name="[43]"></a>__scatterload</STRONG> (Thumb, 38 bytes, Stack size 0 bytes, init.o(.text))
<BR><BR>[Calls]<UL><LI><a href="#[47]">&gt;&gt;</a>&nbsp;&nbsp;&nbsp;__main_after_scatterload
</UL>
<BR>[Called By]<UL><LI><a href="#[42]">&gt;&gt;</a>&nbsp;&nbsp;&nbsp;_main_scatterload
</UL>

<P><STRONG><a name="[59]"></a>__scatterload_rt2</STRONG> (Thumb, 0 bytes, Stack size 0 bytes, init.o(.text), UNUSED)

<P><STRONG><a name="[49]"></a>FMC_Proc</STRONG> (Thumb, 144 bytes, Stack size 40 bytes, fmc_user.o(.text.FMC_Proc))
<BR><BR>[Stack]<UL><LI>Max Depth = 40<LI>Call Chain = FMC_Proc
</UL>
<BR>[Called By]<UL><LI><a href="#[48]">&gt;&gt;</a>&nbsp;&nbsp;&nbsp;GetApromSize
<LI><a href="#[4a]">&gt;&gt;</a>&nbsp;&nbsp;&nbsp;GetDataFlashInfo
<LI><a href="#[4b]">&gt;&gt;</a>&nbsp;&nbsp;&nbsp;ParseCmd
</UL>

<P><STRONG><a name="[4e]"></a>FMC_SetVectorAddr</STRONG> (Thumb, 48 bytes, Stack size 0 bytes, fmc_user.o(.text.FMC_SetVectorAddr))
<BR><BR>[Called By]<UL><LI><a href="#[3f]">&gt;&gt;</a>&nbsp;&nbsp;&nbsp;main
</UL>

<P><STRONG><a name="[48]"></a>GetApromSize</STRONG> (Thumb, 38 bytes, Stack size 24 bytes, targetdev.o(.text.GetApromSize))
<BR><BR>[Stack]<UL><LI>Max Depth = 64<LI>Call Chain = GetApromSize &rArr; FMC_Proc
</UL>
<BR>[Calls]<UL><LI><a href="#[49]">&gt;&gt;</a>&nbsp;&nbsp;&nbsp;FMC_Proc
</UL>
<BR>[Called By]<UL><LI><a href="#[3f]">&gt;&gt;</a>&nbsp;&nbsp;&nbsp;main
</UL>

<P><STRONG><a name="[4a]"></a>GetDataFlashInfo</STRONG> (Thumb, 92 bytes, Stack size 32 bytes, targetdev.o(.text.GetDataFlashInfo))
<BR><BR>[Stack]<UL><LI>Max Depth = 72<LI>Call Chain = GetDataFlashInfo &rArr; FMC_Proc
</UL>
<BR>[Calls]<UL><LI><a href="#[49]">&gt;&gt;</a>&nbsp;&nbsp;&nbsp;FMC_Proc
</UL>
<BR>[Called By]<UL><LI><a href="#[3f]">&gt;&gt;</a>&nbsp;&nbsp;&nbsp;main
<LI><a href="#[4b]">&gt;&gt;</a>&nbsp;&nbsp;&nbsp;ParseCmd
</UL>

<P><STRONG><a name="[4b]"></a>ParseCmd</STRONG> (Thumb, 792 bytes, Stack size 48 bytes, isp_user.o(.text.ParseCmd))
<BR><BR>[Stack]<UL><LI>Max Depth = 120<LI>Call Chain = ParseCmd &rArr; GetDataFlashInfo &rArr; FMC_Proc
</UL>
<BR>[Calls]<UL><LI><a href="#[44]">&gt;&gt;</a>&nbsp;&nbsp;&nbsp;__aeabi_memclr
<LI><a href="#[4a]">&gt;&gt;</a>&nbsp;&nbsp;&nbsp;GetDataFlashInfo
<LI><a href="#[4c]">&gt;&gt;</a>&nbsp;&nbsp;&nbsp;UpdateConfig
<LI><a href="#[49]">&gt;&gt;</a>&nbsp;&nbsp;&nbsp;FMC_Proc
</UL>
<BR>[Called By]<UL><LI><a href="#[3f]">&gt;&gt;</a>&nbsp;&nbsp;&nbsp;main
</UL>

<P><STRONG><a name="[40]"></a>SystemInit</STRONG> (Thumb, 20 bytes, Stack size 0 bytes, system_m2003j.o(.text.SystemInit))
<BR>[Address Reference Count : 1]<UL><LI> startup_m2003j_isp.o(.text)
</UL>
<P><STRONG><a name="[2e]"></a>USCI0_IRQHandler</STRONG> (Thumb, 308 bytes, Stack size 32 bytes, usci_spi_transfer.o(.text.USCI0_IRQHandler))
<BR><BR>[Stack]<UL><LI>Max Depth = 32<LI>Call Chain = USCI0_IRQHandler
</UL>
<BR>[Address Reference Count : 1]<UL><LI> startup_m2003j_isp.o(RESET)
</UL>
<P><STRONG><a name="[4d]"></a>USPI_Init</STRONG> (Thumb, 92 bytes, Stack size 8 bytes, usci_spi_transfer.o(.text.USPI_Init))
<BR><BR>[Stack]<UL><LI>Max Depth = 8<LI>Call Chain = USPI_Init
</UL>
<BR>[Called By]<UL><LI><a href="#[3f]">&gt;&gt;</a>&nbsp;&nbsp;&nbsp;main
</UL>

<P><STRONG><a name="[4c]"></a>UpdateConfig</STRONG> (Thumb, 536 bytes, Stack size 40 bytes, fmc_user.o(.text.UpdateConfig))
<BR><BR>[Stack]<UL><LI>Max Depth = 40<LI>Call Chain = UpdateConfig
</UL>
<BR>[Called By]<UL><LI><a href="#[4b]">&gt;&gt;</a>&nbsp;&nbsp;&nbsp;ParseCmd
</UL>

<P><STRONG><a name="[3f]"></a>main</STRONG> (Thumb, 512 bytes, Stack size 80 bytes, main.o(.text.main))
<BR><BR>[Stack]<UL><LI>Max Depth = 200<LI>Call Chain = main &rArr; ParseCmd &rArr; GetDataFlashInfo &rArr; FMC_Proc
</UL>
<BR>[Calls]<UL><LI><a href="#[4d]">&gt;&gt;</a>&nbsp;&nbsp;&nbsp;USPI_Init
<LI><a href="#[48]">&gt;&gt;</a>&nbsp;&nbsp;&nbsp;GetApromSize
<LI><a href="#[4a]">&gt;&gt;</a>&nbsp;&nbsp;&nbsp;GetDataFlashInfo
<LI><a href="#[4b]">&gt;&gt;</a>&nbsp;&nbsp;&nbsp;ParseCmd
<LI><a href="#[4e]">&gt;&gt;</a>&nbsp;&nbsp;&nbsp;FMC_SetVectorAddr
</UL>
<BR>[Address Reference Count : 1]<UL><LI> entry9a.o(.ARM.Collect$$$$0000000B)
</UL>
<P><STRONG><a name="[5a]"></a>__scatterload_copy</STRONG> (Thumb, 14 bytes, Stack size unknown bytes, handlers.o(i.__scatterload_copy), UNUSED)

<P><STRONG><a name="[5b]"></a>__scatterload_null</STRONG> (Thumb, 2 bytes, Stack size unknown bytes, handlers.o(i.__scatterload_null), UNUSED)

<P><STRONG><a name="[5c]"></a>__scatterload_zeroinit</STRONG> (Thumb, 14 bytes, Stack size unknown bytes, handlers.o(i.__scatterload_zeroinit), UNUSED)
<P>
<H3>
Local Symbols
</H3>
<P><STRONG><a name="[20]"></a>Default_Handler</STRONG> (Thumb, 2 bytes, Stack size 0 bytes, startup_m2003j_isp.o(.text))
<BR><BR>[Calls]<UL><LI><a href="#[20]">&gt;&gt;</a>&nbsp;&nbsp;&nbsp;Default_Handler
</UL>
<BR>[Called By]<UL><LI><a href="#[20]">&gt;&gt;</a>&nbsp;&nbsp;&nbsp;Default_Handler
</UL>
<BR>[Address Reference Count : 1]<UL><LI> startup_m2003j_isp.o(RESET)
</UL><P>
<H3>
Undefined Global Symbols
</H3><HR></body></html>
